Archive member included because of file (symbol)

..\..\..\..\..\bin\framework\peripheral\PIC32MX795F512L_peripherals.a(peripheral.o)
                              build/udp_pic32mx_eth_sk/debug/_ext/1360937237/Mc32gestSPI_FT800.o (PLIB_SPI_Enable)
..\..\..\..\..\bin\framework\peripheral\PIC32MX795F512L_peripherals.a(plib_eth_lib.o)
                              build/udp_pic32mx_eth_sk/debug/_ext/1697634946/drv_ethmac.o (PLIB_ETH_MACSetAddress)

Optional file libmchp_peripheral.a not found
c:/program files (x86)/microchip/xc32/v1.44/bin/bin/../../lib/gcc/pic32mx/4.8.3/no-float\libgcc.a(_udivdi3.o)
                              build/udp_pic32mx_eth_sk/debug/_ext/2110151058/sys_tmr.o (__udivdi3)
c:/program files (x86)/microchip/xc32/v1.44/bin/bin/../../lib/gcc/pic32mx/4.8.3/../../../../pic32mx/lib/no-float\libpic32.a(memcmp.o)
                              build/udp_pic32mx_eth_sk/debug/_ext/1697634946/drv_ethmac.o (memcmp)
c:/program files (x86)/microchip/xc32/v1.44/bin/bin/../../lib/gcc/pic32mx/4.8.3/../../../../pic32mx/lib/no-float\libpic32.a(memcpy.o)
                              build/udp_pic32mx_eth_sk/debug/_ext/686445382/nvm.o (memcpy)
c:/program files (x86)/microchip/xc32/v1.44/bin/bin/../../lib/gcc/pic32mx/4.8.3/../../../../pic32mx/lib/no-float\libpic32.a(memset.o)
                              build/udp_pic32mx_eth_sk/debug/_ext/1697634946/drv_ethmac.o (memset)
c:/program files (x86)/microchip/xc32/v1.44/bin/bin/../../lib/gcc/pic32mx/4.8.3/../../../../pic32mx/lib/no-float\libpic32.a(strcmp.o)
                              build/udp_pic32mx_eth_sk/debug/_ext/1164207549/tcpip_helpers.o (strcmp)
c:/program files (x86)/microchip/xc32/v1.44/bin/bin/../../lib/gcc/pic32mx/4.8.3/../../../../pic32mx/lib/no-float\libpic32.a(strcpy.o)
                              build/udp_pic32mx_eth_sk/debug/_ext/1164207549/tcpip_helpers.o (strcpy)
c:/program files (x86)/microchip/xc32/v1.44/bin/bin/../../lib/gcc/pic32mx/4.8.3/../../../../pic32mx/lib/no-float\libpic32.a(strlen.o)
                              build/udp_pic32mx_eth_sk/debug/_ext/1360937237/Mc32gestSPI_FT800.o (strlen)
c:/program files (x86)/microchip/xc32/v1.44/bin/bin/../../lib/gcc/pic32mx/4.8.3/../../../../pic32mx/lib/no-float\libpic32.a(default-bootstrap-exception-handler.o)
                              c:/program files (x86)/microchip/xc32/v1.44/bin/bin/../../lib/gcc/pic32mx/4.8.3/../../../../pic32mx/lib/./proc/32MX795F512L/crt0_mips32r2.o (_bootstrap_exception_handler)
c:/program files (x86)/microchip/xc32/v1.44/bin/bin/../../lib/gcc/pic32mx/4.8.3/../../../../pic32mx/lib/no-float\libpic32.a(default-on-reset.o)
                              c:/program files (x86)/microchip/xc32/v1.44/bin/bin/../../lib/gcc/pic32mx/4.8.3/../../../../pic32mx/lib/./proc/32MX795F512L/crt0_mips32r2.o (_on_reset)
c:/program files (x86)/microchip/xc32/v1.44/bin/bin/../../lib/gcc/pic32mx/4.8.3/../../../../pic32mx/lib/no-float\libpic32.a(default-on-bootstrap.o)
                              c:/program files (x86)/microchip/xc32/v1.44/bin/bin/../../lib/gcc/pic32mx/4.8.3/../../../../pic32mx/lib/./proc/32MX795F512L/crt0_mips32r2.o (_on_bootstrap)
c:/program files (x86)/microchip/xc32/v1.44/bin/bin/../../lib/gcc/pic32mx/4.8.3/../../../../pic32mx/lib/no-float\libpic32.a(default-nmi-handler.o)
                              c:/program files (x86)/microchip/xc32/v1.44/bin/bin/../../lib/gcc/pic32mx/4.8.3/../../../../pic32mx/lib/./proc/32MX795F512L/crt0_mips32r2.o (_nmi_handler)
c:/program files (x86)/microchip/xc32/v1.44/bin/bin/../../lib/gcc/pic32mx/4.8.3/../../../../pic32mx/lib/no-float\libpic32.a(general-exception.o)
                              c:/program files (x86)/microchip/xc32/v1.44/bin/bin/../../lib/gcc/pic32mx/4.8.3/../../../../pic32mx/lib/./proc/32MX795F512L/crt0_mips32r2.o (_general_exception_context)
c:/program files (x86)/microchip/xc32/v1.44/bin/bin/../../lib/gcc/pic32mx/4.8.3/../../../../pic32mx/lib/no-float\libpic32.a(vector0.o)
                              c:/program files (x86)/microchip/xc32/v1.44/bin/bin/../../lib/gcc/pic32mx/4.8.3/../../../../pic32mx/lib/./proc/32MX795F512L\default_isr_vectors.o (__vector_dispatch_0)
c:/program files (x86)/microchip/xc32/v1.44/bin/bin/../../lib/gcc/pic32mx/4.8.3/../../../../pic32mx/lib/no-float\libpic32.a(vector1.o)
                              c:/program files (x86)/microchip/xc32/v1.44/bin/bin/../../lib/gcc/pic32mx/4.8.3/../../../../pic32mx/lib/./proc/32MX795F512L\default_isr_vectors.o (__vector_dispatch_1)
c:/program files (x86)/microchip/xc32/v1.44/bin/bin/../../lib/gcc/pic32mx/4.8.3/../../../../pic32mx/lib/no-float\libpic32.a(vector2.o)
                              c:/program files (x86)/microchip/xc32/v1.44/bin/bin/../../lib/gcc/pic32mx/4.8.3/../../../../pic32mx/lib/./proc/32MX795F512L\default_isr_vectors.o (__vector_dispatch_2)
c:/program files (x86)/microchip/xc32/v1.44/bin/bin/../../lib/gcc/pic32mx/4.8.3/../../../../pic32mx/lib/no-float\libpic32.a(vector3.o)
[...]
Memory Configuration

Name             Origin             Length             Attributes
kseg0_data_mem   0x80000000         0x00000200
kseg1_data_mem   0xa0000000         0x00020000         w !x
kseg0_boot_mem   0x9fc00490         0x00000000
kseg1_boot_mem   0xbfc00000         0x00000300
kseg0_program_mem 0x9d000000         0x00015000         xr
exception_mem    0x9fc01000         0x00001000
config3          0xbfc02ff0         0x00000004
config2          0xbfc02ff4         0x00000004
config1          0xbfc02ff8         0x00000004
config0          0xbfc02ffc         0x00000004
sfrs             0xbf800000         0x00100000
debug_exec_mem   0xbfc02000         0x00000ff0
configsfrs       0xbfc02ff0         0x00000010
*default*        0x00000000         0xffffffff

Linker script and memory map


reserve_data_0_kseg0
                0x80000000      0x200
                0x80000000        0x2 SHORT 0x0
                0x000001fd                . = 0x1fd
 *fill*         0x80000002      0x1fb 
                0x80000200                . = ALIGN (0x4)
 *fill*         0x800001fd        0x3 

reserve_data_0_kseg1
                0xa0000000      0x200
                0xa0000000        0x2 SHORT 0x0
                0x000001fd                . = 0x1fd
 *fill*         0xa0000002      0x1fb 
                0xa0000200                . = ALIGN (0x4)
 *fill*         0xa00001fd        0x3 

reserve_boot_0x1fc02000_kseg0
                0x9fc02000      0xff0
                0x9fc02000        0x2 SHORT 0x0
                0x00000500                . = 0x500
 *fill*         0x9fc02002      0x4fe 
                0x9fc02500                . = ALIGN (0x4)
                0x9fc02500        0x2 SHORT 0x0
                0x00000ff0                . = 0xff0
 *fill*         0x9fc02502      0xaee 
                0x9fc02ff0                . = ALIGN (0x4)

reserve_boot_0x1fc02000_kseg1
                0xbfc02000      0xff0
                0xbfc02000        0x2 SHORT 0x0
                0x00000500                . = 0x500
 *fill*         0xbfc02002      0x4fe 
                0xbfc02500                . = ALIGN (0x4)
                0xbfc02500        0x2 SHORT 0x0
                0x00000ff0                . = 0xff0
 *fill*         0xbfc02502      0xaee 
                0xbfc02ff0                . = ALIGN (0x4)
LOAD c:/program files (x86)/microchip/xc32/v1.44/bin/bin/../../lib/gcc/pic32mx/4.8.3/../../../../pic32mx/lib/./proc/32MX795F512L/crt0_mips32r2.o
LOAD c:/program files (x86)/microchip/xc32/v1.44/bin/bin/../../lib/gcc/pic32mx/4.8.3/../../../../pic32mx/lib/no-float\software-debug-break.o
LOAD build/udp_pic32mx_eth_sk/debug/_ext/1957930073/sys_clk_static.o
LOAD build/udp_pic32mx_eth_sk/debug/_ext/1117457719/sys_ports_static.o
LOAD build/udp_pic32mx_eth_sk/debug/_ext/1400544162/system_init.o
LOAD build/udp_pic32mx_eth_sk/debug/_ext/1400544162/system_interrupt.o
LOAD build/udp_pic32mx_eth_sk/debug/_ext/1400544162/system_exceptions.o
LOAD build/udp_pic32mx_eth_sk/debug/_ext/1400544162/system_tasks.o
LOAD build/udp_pic32mx_eth_sk/debug/_ext/1360937237/main.o
LOAD build/udp_pic32mx_eth_sk/debug/_ext/1360937237/app.o
LOAD build/udp_pic32mx_eth_sk/debug/_ext/1360937237/Mc32Delays.o
LOAD build/udp_pic32mx_eth_sk/debug/_ext/1360937237/Mc32SpiUtil.o
LOAD build/udp_pic32mx_eth_sk/debug/_ext/1360937237/Mc32gestSPI_FT800.o
LOAD build/udp_pic32mx_eth_sk/debug/_ext/1360937237/EEPROM_24LC256.o
LOAD build/udp_pic32mx_eth_sk/debug/_ext/1360937237/Mc32_I2cNew.o
LOAD build/udp_pic32mx_eth_sk/debug/_ext/1360937237/gest_Route.o
LOAD build/udp_pic32mx_eth_sk/debug/_ext/615392287/datastream.o
LOAD build/udp_pic32mx_eth_sk/debug/_ext/615392287/datastream_udp.o
LOAD build/udp_pic32mx_eth_sk/debug/_ext/686445382/bootloader.o
LOAD build/udp_pic32mx_eth_sk/debug/_ext/686445382/nvm.o
LOAD build/udp_pic32mx_eth_sk/debug/_ext/1697634946/drv_ethmac.o
LOAD build/udp_pic32mx_eth_sk/debug/_ext/1697634946/drv_ethmac_lib.o
LOAD build/udp_pic32mx_eth_sk/debug/_ext/521481140/drv_ethphy.o
LOAD build/udp_pic32mx_eth_sk/debug/_ext/521481140/drv_extphy_dp83848.o
LOAD build/udp_pic32mx_eth_sk/debug/_ext/941160041/drv_tmr.o
LOAD build/udp_pic32mx_eth_sk/debug/_ext/482662494/sys_devcon.o
LOAD build/udp_pic32mx_eth_sk/debug/_ext/482662494/sys_devcon_pic32mx.o
LOAD build/udp_pic32mx_eth_sk/debug/_ext/1042686532/sys_int_pic32.o
LOAD build/udp_pic32mx_eth_sk/debug/_ext/470001640/sys_random.o
LOAD build/udp_pic32mx_eth_sk/debug/_ext/64182180/sys_reset.o
LOAD build/udp_pic32mx_eth_sk/debug/_ext/2110151058/sys_tmr.o
LOAD build/udp_pic32mx_eth_sk/debug/_ext/1886247299/helpers.o
LOAD build/udp_pic32mx_eth_sk/debug/_ext/1164207549/icmp.o
LOAD build/udp_pic32mx_eth_sk/debug/_ext/1164207549/udp.o
LOAD build/udp_pic32mx_eth_sk/debug/_ext/1164207549/tcpip_heap_alloc.o
LOAD build/udp_pic32mx_eth_sk/debug/_ext/1164207549/tcpip_heap_internal.o
LOAD build/udp_pic32mx_eth_sk/debug/_ext/1164207549/arp.o
LOAD build/udp_pic32mx_eth_sk/debug/_ext/1164207549/dhcp.o
LOAD build/udp_pic32mx_eth_sk/debug/_ext/1164207549/hash_fnv.o
LOAD build/udp_pic32mx_eth_sk/debug/_ext/1164207549/oahash.o
LOAD build/udp_pic32mx_eth_sk/debug/_ext/1164207549/tcpip_helpers.o
LOAD build/udp_pic32mx_eth_sk/debug/_ext/1164207549/tcpip_helper_c32.o
LOAD build/udp_pic32mx_eth_sk/debug/_ext/1164207549/tcpip_manager.o
LOAD build/udp_pic32mx_eth_sk/debug/_ext/1164207549/tcpip_notify.o
LOAD build/udp_pic32mx_eth_sk/debug/_ext/1164207549/tcpip_packet.o
LOAD build/udp_pic32mx_eth_sk/debug/_ext/1164207549/ipv4.o
LOAD ..\..\..\..\..\bin\framework\peripheral\PIC32MX795F512L_peripherals.a
LOAD ..\..\..\..\..\framework\tcpip\src\crypto\aes_pic32mx.a
                0x00000001                __MPLAB_BUILD = 0x1
LOAD c:/program files (x86)/microchip/xc32/v1.44/bin/bin/../../lib/gcc/pic32mx/4.8.3/../../../../pic32mx/lib/./proc/32MX795F512L\processor.o
START GROUP
LOAD libmchp_peripheral.a
END GROUP
                0x00000001                PROVIDE (_vector_spacing, 0x1)
                0x9fc01000                _ebase_address = 0x9fc01000
                0xbfc00000                _RESET_ADDR = 0xbfc00000
                0xbfc00380                _BEV_EXCPT_ADDR = 0xbfc00380
                0xbfc00480                _DBG_EXCPT_ADDR = 0xbfc00480
                0xbfc02000                _DBG_CODE_ADDR = 0xbfc02000
                0x00000ff0                _DBG_CODE_SIZE = 0xff0
                0x9fc01180                _GEN_EXCPT_ADDR = (_ebase_address + 0x180)

.config_BFC02FF0
                0xbfc02ff0        0x4
 *(.config_BFC02FF0)
 .config_BFC02FF0
                0xbfc02ff0        0x4 build/udp_pic32mx_eth_sk/debug/_ext/1400544162/system_init.o

.config_BFC02FF4
                0xbfc02ff4        0x4
 *(.config_BFC02FF4)
 .config_BFC02FF4
                0xbfc02ff4        0x4 build/udp_pic32mx_eth_sk/debug/_ext/1400544162/system_init.o

.config_BFC02FF8
                0xbfc02ff8        0x4
 *(.config_BFC02FF8)
 .config_BFC02FF8
                0xbfc02ff8        0x4 build/udp_pic32mx_eth_sk/debug/_ext/1400544162/system_init.o

.config_BFC02FFC
                0xbfc02ffc        0x4
 *(.config_BFC02FFC)
 .config_BFC02FFC
                0xbfc02ffc        0x4 build/udp_pic32mx_eth_sk/debug/_ext/1400544162/system_init.o
                0xbfc02000                PROVIDE (_DBG_CODE_ADDR, 0xbfc02000)
                0x00000ff0                PROVIDE (_DBG_CODE_SIZE, 0xff0)

.reset          0xbfc00000      0x208
 *(.reset)
 .reset         0xbfc00000        0x8 c:/program files (x86)/microchip/xc32/v1.44/bin/bin/../../lib/gcc/pic32mx/4.8.3/../../../../pic32mx/lib/./proc/32MX795F512L/crt0_mips32r2.o
                0xbfc00000                _reset
 *(.reset.startup)
 .reset.startup
                0xbfc00008      0x200 c:/program files (x86)/microchip/xc32/v1.44/bin/bin/../../lib/gcc/pic32mx/4.8.3/../../../../pic32mx/lib/./proc/32MX795F512L/crt0_mips32r2.o
                0xbfc00008                _startup

.bev_excpt      0xbfc00380       0x10
 *(.bev_handler)
 .bev_handler   0xbfc00380       0x10 c:/program files (x86)/microchip/xc32/v1.44/bin/bin/../../lib/gcc/pic32mx/4.8.3/../../../../pic32mx/lib/./proc/32MX795F512L/crt0_mips32r2.o

.dbg_excpt      0xbfc00480        0x0
                0xbfc00480                . = (. + DEFINED (_DEBUGGER)?0x8:0x0)

.dbg_code       0xbfc02000        0x0
                0xbfc02000                . = (. + DEFINED (_DEBUGGER)?_DBG_CODE_SIZE:0x0)

.app_excpt      0x9fc01180       0x10
 *(.gen_handler)
 .gen_handler   0x9fc01180       0x10 c:/program files (x86)/microchip/xc32/v1.44/bin/bin/../../lib/gcc/pic32mx/4.8.3/../../../../pic32mx/lib/./proc/32MX795F512L/crt0_mips32r2.o

.vector_0       0x9fc01200        0x8
 *(.vector_0)
 .vector_0      0x9fc01200        0x8 c:/program files (x86)/microchip/xc32/v1.44/bin/bin/../../lib/gcc/pic32mx/4.8.3/../../../../pic32mx/lib/no-float\libpic32.a(vector0.o)
                0x9fc01200                __vector_dispatch_0
                0x00000001                ASSERT (((_vector_spacing == 0x0) || (SIZEOF (.vector_0) <= (_vector_spacing << 0x5))), function at exception vector 0 too large)

.vector_1       0x9fc01220        0x8
 *(.vector_1)
 .vector_1      0x9fc01220        0x8 c:/program files (x86)/microchip/xc32/v1.44/bin/bin/../../lib/gcc/pic32mx/4.8.3/../../../../pic32mx/lib/no-float\libpic32.a(vector1.o)
                0x9fc01220                __vector_dispatch_1
                0x00000001                ASSERT (((_vector_spacing == 0x0) || (SIZEOF (.vector_1) <= (_vector_spacing << 0x5))), function at exception vector 1 too large)

.vector_2       0x9fc01240        0x8
 *(.vector_2)
 .vector_2      0x9fc01240        0x8 c:/program files (x86)/microchip/xc32/v1.44/bin/bin/../../lib/gcc/pic32mx/4.8.3/../../../../pic32mx/lib/no-float\libpic32.a(vector2.o)
                0x9fc01240                __vector_dispatch_2
                0x00000001                ASSERT (((_vector_spacing == 0x0) || (SIZEOF (.vector_2) <= (_vector_spacing << 0x5))), function at exception vector 2 too large)

.vector_3       0x9fc01260        0x8
 *(.vector_3)
 .vector_3      0x9fc01260        0x8 c:/program files (x86)/microchip/xc32/v1.44/bin/bin/../../lib/gcc/pic32mx/4.8.3/../../../../pic32mx/lib/no-float\libpic32.a(vector3.o)
                0x9fc01260                __vector_dispatch_3
                0x00000001                ASSERT (((_vector_spacing == 0x0) || (SIZEOF (.vector_3) <= (_vector_spacing << 0x5))), function at exception vector 3 too large)

.vector_4       0x9fc01280        0x8
 *(.vector_4)
 .vector_4      0x9fc01280        0x8 build/udp_pic32mx_eth_sk/debug/_ext/1400544162/system_interrupt.o
                0x9fc01280                __vector_dispatch_4
                0x00000001                ASSERT (((_vector_spacing == 0x0) || (SIZEOF (.vector_4) <= (_vector_spacing << 0x5))), function at exception vector 4 too large)

.vector_5       0x9fc012a0        0x8
 *(.vector_5)
 .vector_5      0x9fc012a0        0x8 c:/program files (x86)/microchip/xc32/v1.44/bin/bin/../../lib/gcc/pic32mx/4.8.3/../../../../pic32mx/lib/no-float\libpic32.a(vector5.o)
                0x9fc012a0                __vector_dispatch_5
                0x00000001                ASSERT (((_vector_spacing == 0x0) || (SIZEOF (.vector_5) <= (_vector_spacing << 0x5))), function at exception vector 5 too large)

.vector_6       0x9fc012c0        0x8
 *(.vector_6)
 .vector_6      0x9fc012c0        0x8 c:/program files (x86)/microchip/xc32/v1.44/bin/bin/../../lib/gcc/pic32mx/4.8.3/../../../../pic32mx/lib/no-float\libpic32.a(vector6.o)
                0x9fc012c0                __vector_dispatch_6
                0x00000001                ASSERT (((_vector_spacing == 0x0) || (SIZEOF (.vector_6) <= (_vector_spacing << 0x5))), function at exception vector 6 too large)

.vector_7       0x9fc012e0        0x8
 *(.vector_7)
 .vector_7      0x9fc012e0        0x8 c:/program files (x86)/microchip/xc32/v1.44/bin/bin/../../lib/gcc/pic32mx/4.8.3/../../../../pic32mx/lib/no-float\libpic32.a(vector7.o)
                0x9fc012e0                __vector_dispatch_7
                0x00000001                ASSERT (((_vector_spacing == 0x0) || (SIZEOF (.vector_7) <= (_vector_spacing << 0x5))), function at exception vector 7 too large)

.vector_8       0x9fc01300        0x8
 *(.vector_8)
 .vector_8      0x9fc01300        0x8 c:/program files (x86)/microchip/xc32/v1.44/bin/bin/../../lib/gcc/pic32mx/4.8.3/../../../../pic32mx/lib/no-float\libpic32.a(vector8.o)
                0x9fc01300                __vector_dispatch_8
                0x00000001                ASSERT (((_vector_spacing == 0x0) || (SIZEOF (.vector_8) <= (_vector_spacing << 0x5))), function at exception vector 8 too large)

.vector_9       0x9fc01320        0x8
 *(.vector_9)
 .vector_9      0x9fc01320        0x8 c:/program files (x86)/microchip/xc32/v1.44/bin/bin/../../lib/gcc/pic32mx/4.8.3/../../../../pic32mx/lib/no-float\libpic32.a(vector9.o)
                0x9fc01320                __vector_dispatch_9
                0x00000001                ASSERT (((_vector_spacing == 0x0) || (SIZEOF (.vector_9) <= (_vector_spacing << 0x5))), function at exception vector 9 too large)

.vector_10      0x9fc01340        0x8
 *(.vector_10)
 .vector_10     0x9fc01340        0x8 c:/program files (x86)/microchip/xc32/v1.44/bin/bin/../../lib/gcc/pic32mx/4.8.3/../../../../pic32mx/lib/no-float\libpic32.a(vector10.o)
                0x9fc01340                __vector_dispatch_10
                0x00000001                ASSERT (((_vector_spacing == 0x0) || (SIZEOF (.vector_10) <= (_vector_spacing << 0x5))), function at exception vector 10 too large)

.vector_11      0x9fc01360        0x8
 *(.vector_11)
 .vector_11     0x9fc01360        0x8 c:/program files (x86)/microchip/xc32/v1.44/bin/bin/../../lib/gcc/pic32mx/4.8.3/../../../../pic32mx/lib/no-float\libpic32.a(vector11.o)
                0x9fc01360                __vector_dispatch_11
                0x00000001                ASSERT (((_vector_spacing == 0x0) || (SIZEOF (.vector_11) <= (_vector_spacing << 0x5))), function at exception vector 11 too large)

.vector_12      0x9fc01380        0x8
 *(.vector_12)
 .vector_12     0x9fc01380        0x8 c:/program files (x86)/microchip/xc32/v1.44/bin/bin/../../lib/gcc/pic32mx/4.8.3/../../../../pic32mx/lib/no-float\libpic32.a(vector12.o)
                0x9fc01380                __vector_dispatch_12
                0x00000001                ASSERT (((_vector_spacing == 0x0) || (SIZEOF (.vector_12) <= (_vector_spacing << 0x5))), function at exception vector 12 too large)

.vector_13      0x9fc013a0        0x8
 *(.vector_13)
 .vector_13     0x9fc013a0        0x8 c:/program files (x86)/microchip/xc32/v1.44/bin/bin/../../lib/gcc/pic32mx/4.8.3/../../../../pic32mx/lib/no-float\libpic32.a(vector13.o)
                0x9fc013a0                __vector_dispatch_13
                0x00000001                ASSERT (((_vector_spacing == 0x0) || (SIZEOF (.vector_13) <= (_vector_spacing << 0x5))), function at exception vector 13 too large)

.vector_14      0x9fc013c0        0x8
 *(.vector_14)
 .vector_14     0x9fc013c0        0x8 c:/program files (x86)/microchip/xc32/v1.44/bin/bin/../../lib/gcc/pic32mx/4.8.3/../../../../pic32mx/lib/no-float\libpic32.a(vector14.o)
                0x9fc013c0                __vector_dispatch_14
                0x00000001                ASSERT (((_vector_spacing == 0x0) || (SIZEOF (.vector_14) <= (_vector_spacing << 0x5))), function at exception vector 14 too large)

.vector_15      0x9fc013e0        0x8
 *(.vector_15)
 .vector_15     0x9fc013e0        0x8 c:/program files (x86)/microchip/xc32/v1.44/bin/bin/../../lib/gcc/pic32mx/4.8.3/../../../../pic32mx/lib/no-float\libpic32.a(vector15.o)
                0x9fc013e0                __vector_dispatch_15
                0x00000001                ASSERT (((_vector_spacing == 0x0) || (SIZEOF (.vector_15) <= (_vector_spacing << 0x5))), function at exception vector 15 too large)

.vector_16      0x9fc01400        0x8
 *(.vector_16)
 .vector_16     0x9fc01400        0x8 c:/program files (x86)/microchip/xc32/v1.44/bin/bin/../../lib/gcc/pic32mx/4.8.3/../../../../pic32mx/lib/no-float\libpic32.a(vector16.o)
                0x9fc01400                __vector_dispatch_16
                0x00000001                ASSERT (((_vector_spacing == 0x0) || (SIZEOF (.vector_16) <= (_vector_spacing << 0x5))), function at exception vector 16 too large)

.vector_17      0x9fc01420        0x8
 *(.vector_17)
 .vector_17     0x9fc01420        0x8 c:/program files (x86)/microchip/xc32/v1.44/bin/bin/../../lib/gcc/pic32mx/4.8.3/../../../../pic32mx/lib/no-float\libpic32.a(vector17.o)
                0x9fc01420                __vector_dispatch_17
                0x00000001                ASSERT (((_vector_spacing == 0x0) || (SIZEOF (.vector_17) <= (_vector_spacing << 0x5))), function at exception vector 17 too large)

.vector_18      0x9fc01440        0x8
 *(.vector_18)
 .vector_18     0x9fc01440        0x8 c:/program files (x86)/microchip/xc32/v1.44/bin/bin/../../lib/gcc/pic32mx/4.8.3/../../../../pic32mx/lib/no-float\libpic32.a(vector18.o)
                0x9fc01440                __vector_dispatch_18
                0x00000001                ASSERT (((_vector_spacing == 0x0) || (SIZEOF (.vector_18) <= (_vector_spacing << 0x5))), function at exception vector 18 too large)

.vector_19      0x9fc01460        0x8
 *(.vector_19)
 .vector_19     0x9fc01460        0x8 c:/program files (x86)/microchip/xc32/v1.44/bin/bin/../../lib/gcc/pic32mx/4.8.3/../../../../pic32mx/lib/no-float\libpic32.a(vector19.o)
                0x9fc01460                __vector_dispatch_19
                0x00000001                ASSERT (((_vector_spacing == 0x0) || (SIZEOF (.vector_19) <= (_vector_spacing << 0x5))), function at exception vector 19 too large)

.vector_20      0x9fc01480        0x8
 *(.vector_20)
 .vector_20     0x9fc01480        0x8 c:/program files (x86)/microchip/xc32/v1.44/bin/bin/../../lib/gcc/pic32mx/4.8.3/../../../../pic32mx/lib/no-float\libpic32.a(vector20.o)
                0x9fc01480                __vector_dispatch_20
                0x00000001                ASSERT (((_vector_spacing == 0x0) || (SIZEOF (.vector_20) <= (_vector_spacing << 0x5))), function at exception vector 20 too large)

.vector_21      0x9fc014a0        0x8
 *(.vector_21)
 .vector_21     0x9fc014a0        0x8 c:/program files (x86)/microchip/xc32/v1.44/bin/bin/../../lib/gcc/pic32mx/4.8.3/../../../../pic32mx/lib/no-float\libpic32.a(vector21.o)
                0x9fc014a0                __vector_dispatch_21
                0x00000001                ASSERT (((_vector_spacing == 0x0) || (SIZEOF (.vector_21) <= (_vector_spacing << 0x5))), function at exception vector 21 too large)

.vector_22      0x9fc014c0        0x8
 *(.vector_22)
 .vector_22     0x9fc014c0        0x8 c:/program files (x86)/microchip/xc32/v1.44/bin/bin/../../lib/gcc/pic32mx/4.8.3/../../../../pic32mx/lib/no-float\libpic32.a(vector22.o)
                0x9fc014c0                __vector_dispatch_22
                0x00000001                ASSERT (((_vector_spacing == 0x0) || (SIZEOF (.vector_22) <= (_vector_spacing << 0x5))), function at exception vector 22 too large)

.vector_23      0x9fc014e0        0x8
 *(.vector_23)
 .vector_23     0x9fc014e0        0x8 c:/program files (x86)/microchip/xc32/v1.44/bin/bin/../../lib/gcc/pic32mx/4.8.3/../../../../pic32mx/lib/no-float\libpic32.a(vector23.o)
                0x9fc014e0                __vector_dispatch_23
                0x00000001                ASSERT (((_vector_spacing == 0x0) || (SIZEOF (.vector_23) <= (_vector_spacing << 0x5))), function at exception vector 23 too large)

.vector_24      0x9fc01500        0x8
 *(.vector_24)
 .vector_24     0x9fc01500        0x8 c:/program files (x86)/microchip/xc32/v1.44/bin/bin/../../lib/gcc/pic32mx/4.8.3/../../../../pic32mx/lib/no-float\libpic32.a(vector24.o)
                0x9fc01500                __vector_dispatch_24
                0x00000001                ASSERT (((_vector_spacing == 0x0) || (SIZEOF (.vector_24) <= (_vector_spacing << 0x5))), function at exception vector 24 too large)

.vector_25      0x9fc01520        0x8
 *(.vector_25)
 .vector_25     0x9fc01520        0x8 c:/program files (x86)/microchip/xc32/v1.44/bin/bin/../../lib/gcc/pic32mx/4.8.3/../../../../pic32mx/lib/no-float\libpic32.a(vector25.o)
                0x9fc01520                __vector_dispatch_25
                0x00000001                ASSERT (((_vector_spacing == 0x0) || (SIZEOF (.vector_25) <= (_vector_spacing << 0x5))), function at exception vector 25 too large)

.vector_26      0x9fc01540        0x8
 *(.vector_26)
 .vector_26     0x9fc01540        0x8 c:/program files (x86)/microchip/xc32/v1.44/bin/bin/../../lib/gcc/pic32mx/4.8.3/../../../../pic32mx/lib/no-float\libpic32.a(vector26.o)
                0x9fc01540                __vector_dispatch_26
                0x00000001                ASSERT (((_vector_spacing == 0x0) || (SIZEOF (.vector_26) <= (_vector_spacing << 0x5))), function at exception vector 26 too large)

.vector_27      0x9fc01560        0x8
 *(.vector_27)
 .vector_27     0x9fc01560        0x8 c:/program files (x86)/microchip/xc32/v1.44/bin/bin/../../lib/gcc/pic32mx/4.8.3/../../../../pic32mx/lib/no-float\libpic32.a(vector27.o)
                0x9fc01560                __vector_dispatch_27
                0x00000001                ASSERT (((_vector_spacing == 0x0) || (SIZEOF (.vector_27) <= (_vector_spacing << 0x5))), function at exception vector 27 too large)

.vector_28      0x9fc01580        0x8
 *(.vector_28)
 .vector_28     0x9fc01580        0x8 c:/program files (x86)/microchip/xc32/v1.44/bin/bin/../../lib/gcc/pic32mx/4.8.3/../../../../pic32mx/lib/no-float\libpic32.a(vector28.o)
                0x9fc01580                __vector_dispatch_28
                0x00000001                ASSERT (((_vector_spacing == 0x0) || (SIZEOF (.vector_28) <= (_vector_spacing << 0x5))), function at exception vector 28 too large)

.vector_29      0x9fc015a0        0x8
 *(.vector_29)
 .vector_29     0x9fc015a0        0x8 c:/program files (x86)/microchip/xc32/v1.44/bin/bin/../../lib/gcc/pic32mx/4.8.3/../../../../pic32mx/lib/no-float\libpic32.a(vector29.o)
                0x9fc015a0                __vector_dispatch_29
                0x00000001                ASSERT (((_vector_spacing == 0x0) || (SIZEOF (.vector_29) <= (_vector_spacing << 0x5))), function at exception vector 29 too large)

.vector_30      0x9fc015c0        0x8
 *(.vector_30)
 .vector_30     0x9fc015c0        0x8 c:/program files (x86)/microchip/xc32/v1.44/bin/bin/../../lib/gcc/pic32mx/4.8.3/../../../../pic32mx/lib/no-float\libpic32.a(vector30.o)
                0x9fc015c0                __vector_dispatch_30
                0x00000001                ASSERT (((_vector_spacing == 0x0) || (SIZEOF (.vector_30) <= (_vector_spacing << 0x5))), function at exception vector 30 too large)

.vector_31      0x9fc015e0        0x8
 *(.vector_31)
 .vector_31     0x9fc015e0        0x8 c:/program files (x86)/microchip/xc32/v1.44/bin/bin/../../lib/gcc/pic32mx/4.8.3/../../../../pic32mx/lib/no-float\libpic32.a(vector31.o)
                0x9fc015e0                __vector_dispatch_31
                0x00000001                ASSERT (((_vector_spacing == 0x0) || (SIZEOF (.vector_31) <= (_vector_spacing << 0x5))), function at exception vector 31 too large)

.vector_32      0x9fc01600        0x8
 *(.vector_32)
 .vector_32     0x9fc01600        0x8 c:/program files (x86)/microchip/xc32/v1.44/bin/bin/../../lib/gcc/pic32mx/4.8.3/../../../../pic32mx/lib/no-float\libpic32.a(vector32.o)
                0x9fc01600                __vector_dispatch_32
                0x00000001                ASSERT (((_vector_spacing == 0x0) || (SIZEOF (.vector_32) <= (_vector_spacing << 0x5))), function at exception vector 32 too large)

.vector_33      0x9fc01620        0x8
 *(.vector_33)
 .vector_33     0x9fc01620        0x8 c:/program files (x86)/microchip/xc32/v1.44/bin/bin/../../lib/gcc/pic32mx/4.8.3/../../../../pic32mx/lib/no-float\libpic32.a(vector33.o)
                0x9fc01620                __vector_dispatch_33
                0x00000001                ASSERT (((_vector_spacing == 0x0) || (SIZEOF (.vector_33) <= (_vector_spacing << 0x5))), function at exception vector 33 too large)

.vector_34      0x9fc01640        0x8
 *(.vector_34)
 .vector_34     0x9fc01640        0x8 c:/program files (x86)/microchip/xc32/v1.44/bin/bin/../../lib/gcc/pic32mx/4.8.3/../../../../pic32mx/lib/no-float\libpic32.a(vector34.o)
                0x9fc01640                __vector_dispatch_34
                0x00000001                ASSERT (((_vector_spacing == 0x0) || (SIZEOF (.vector_34) <= (_vector_spacing << 0x5))), function at exception vector 34 too large)

.vector_35      0x9fc01660        0x8
 *(.vector_35)
 .vector_35     0x9fc01660        0x8 c:/program files (x86)/microchip/xc32/v1.44/bin/bin/../../lib/gcc/pic32mx/4.8.3/../../../../pic32mx/lib/no-float\libpic32.a(vector35.o)
                0x9fc01660                __vector_dispatch_35
                0x00000001                ASSERT (((_vector_spacing == 0x0) || (SIZEOF (.vector_35) <= (_vector_spacing << 0x5))), function at exception vector 35 too large)

.vector_36      0x9fc01680        0x8
 *(.vector_36)
 .vector_36     0x9fc01680        0x8 c:/program files (x86)/microchip/xc32/v1.44/bin/bin/../../lib/gcc/pic32mx/4.8.3/../../../../pic32mx/lib/no-float\libpic32.a(vector36.o)
                0x9fc01680                __vector_dispatch_36
                0x00000001                ASSERT (((_vector_spacing == 0x0) || (SIZEOF (.vector_36) <= (_vector_spacing << 0x5))), function at exception vector 36 too large)

.vector_37      0x9fc016a0        0x8
 *(.vector_37)
 .vector_37     0x9fc016a0        0x8 c:/program files (x86)/microchip/xc32/v1.44/bin/bin/../../lib/gcc/pic32mx/4.8.3/../../../../pic32mx/lib/no-float\libpic32.a(vector37.o)
                0x9fc016a0                __vector_dispatch_37
                0x00000001                ASSERT (((_vector_spacing == 0x0) || (SIZEOF (.vector_37) <= (_vector_spacing << 0x5))), function at exception vector 37 too large)

.vector_38      0x9fc016c0        0x8
 *(.vector_38)
 .vector_38     0x9fc016c0        0x8 c:/program files (x86)/microchip/xc32/v1.44/bin/bin/../../lib/gcc/pic32mx/4.8.3/../../../../pic32mx/lib/no-float\libpic32.a(vector38.o)
                0x9fc016c0                __vector_dispatch_38
                0x00000001                ASSERT (((_vector_spacing == 0x0) || (SIZEOF (.vector_38) <= (_vector_spacing << 0x5))), function at exception vector 38 too large)

.vector_39      0x9fc016e0        0x8
 *(.vector_39)
 .vector_39     0x9fc016e0        0x8 c:/program files (x86)/microchip/xc32/v1.44/bin/bin/../../lib/gcc/pic32mx/4.8.3/../../../../pic32mx/lib/no-float\libpic32.a(vector39.o)
                0x9fc016e0                __vector_dispatch_39
                0x00000001                ASSERT (((_vector_spacing == 0x0) || (SIZEOF (.vector_39) <= (_vector_spacing << 0x5))), function at exception vector 39 too large)

.vector_40      0x9fc01700        0x8
 *(.vector_40)
 .vector_40     0x9fc01700        0x8 c:/program files (x86)/microchip/xc32/v1.44/bin/bin/../../lib/gcc/pic32mx/4.8.3/../../../../pic32mx/lib/no-float\libpic32.a(vector40.o)
                0x9fc01700                __vector_dispatch_40
                0x00000001                ASSERT (((_vector_spacing == 0x0) || (SIZEOF (.vector_40) <= (_vector_spacing << 0x5))), function at exception vector 40 too large)

.vector_41      0x9fc01720        0x8
 *(.vector_41)
 .vector_41     0x9fc01720        0x8 c:/program files (x86)/microchip/xc32/v1.44/bin/bin/../../lib/gcc/pic32mx/4.8.3/../../../../pic32mx/lib/no-float\libpic32.a(vector41.o)
                0x9fc01720                __vector_dispatch_41
                0x00000001                ASSERT (((_vector_spacing == 0x0) || (SIZEOF (.vector_41) <= (_vector_spacing << 0x5))), function at exception vector 41 too large)

.vector_42      0x9fc01740        0x8
 *(.vector_42)
 .vector_42     0x9fc01740        0x8 c:/program files (x86)/microchip/xc32/v1.44/bin/bin/../../lib/gcc/pic32mx/4.8.3/../../../../pic32mx/lib/no-float\libpic32.a(vector42.o)
                0x9fc01740                __vector_dispatch_42
                0x00000001                ASSERT (((_vector_spacing == 0x0) || (SIZEOF (.vector_42) <= (_vector_spacing << 0x5))), function at exception vector 42 too large)

.vector_43      0x9fc01760        0x8
 *(.vector_43)
 .vector_43     0x9fc01760        0x8 c:/program files (x86)/microchip/xc32/v1.44/bin/bin/../../lib/gcc/pic32mx/4.8.3/../../../../pic32mx/lib/no-float\libpic32.a(vector43.o)
                0x9fc01760                __vector_dispatch_43
                0x00000001                ASSERT (((_vector_spacing == 0x0) || (SIZEOF (.vector_43) <= (_vector_spacing << 0x5))), function at exception vector 43 too large)

.vector_44      0x9fc01780        0x8
 *(.vector_44)
 .vector_44     0x9fc01780        0x8 c:/program files (x86)/microchip/xc32/v1.44/bin/bin/../../lib/gcc/pic32mx/4.8.3/../../../../pic32mx/lib/no-float\libpic32.a(vector44.o)
                0x9fc01780                __vector_dispatch_44
                0x00000001                ASSERT (((_vector_spacing == 0x0) || (SIZEOF (.vector_44) <= (_vector_spacing << 0x5))), function at exception vector 44 too large)

.vector_45      0x9fc017a0        0x8
 *(.vector_45)
 .vector_45     0x9fc017a0        0x8 c:/program files (x86)/microchip/xc32/v1.44/bin/bin/../../lib/gcc/pic32mx/4.8.3/../../../../pic32mx/lib/no-float\libpic32.a(vector45.o)
                0x9fc017a0                __vector_dispatch_45
                0x00000001                ASSERT (((_vector_spacing == 0x0) || (SIZEOF (.vector_45) <= (_vector_spacing << 0x5))), function at exception vector 45 too large)

.vector_46      0x9fc017c0        0x8
 *(.vector_46)
 .vector_46     0x9fc017c0        0x8 c:/program files (x86)/microchip/xc32/v1.44/bin/bin/../../lib/gcc/pic32mx/4.8.3/../../../../pic32mx/lib/no-float\libpic32.a(vector46.o)
                0x9fc017c0                __vector_dispatch_46
                0x00000001                ASSERT (((_vector_spacing == 0x0) || (SIZEOF (.vector_46) <= (_vector_spacing << 0x5))), function at exception vector 46 too large)

.vector_47      0x9fc017e0        0x8
 *(.vector_47)
 .vector_47     0x9fc017e0        0x8 c:/program files (x86)/microchip/xc32/v1.44/bin/bin/../../lib/gcc/pic32mx/4.8.3/../../../../pic32mx/lib/no-float\libpic32.a(vector47.o)
                0x9fc017e0                __vector_dispatch_47
                0x00000001                ASSERT (((_vector_spacing == 0x0) || (SIZEOF (.vector_47) <= (_vector_spacing << 0x5))), function at exception vector 47 too large)

.vector_48      0x9fc01800        0x8
 *(.vector_48)
 .vector_48     0x9fc01800        0x8 build/udp_pic32mx_eth_sk/debug/_ext/1400544162/system_interrupt.o
                0x9fc01800                __vector_dispatch_48
                0x00000001                ASSERT (((_vector_spacing == 0x0) || (SIZEOF (.vector_48) <= (_vector_spacing << 0x5))), function at exception vector 48 too large)

.vector_49      0x9fc01820        0x8
 *(.vector_49)
 .vector_49     0x9fc01820        0x8 c:/program files (x86)/microchip/xc32/v1.44/bin/bin/../../lib/gcc/pic32mx/4.8.3/../../../../pic32mx/lib/no-float\libpic32.a(vector49.o)
                0x9fc01820                __vector_dispatch_49
                0x00000001                ASSERT (((_vector_spacing == 0x0) || (SIZEOF (.vector_49) <= (_vector_spacing << 0x5))), function at exception vector 49 too large)

.vector_50      0x9fc01840        0x8
 *(.vector_50)
 .vector_50     0x9fc01840        0x8 c:/program files (x86)/microchip/xc32/v1.44/bin/bin/../../lib/gcc/pic32mx/4.8.3/../../../../pic32mx/lib/no-float\libpic32.a(vector50.o)
                0x9fc01840                __vector_dispatch_50
                0x00000001                ASSERT (((_vector_spacing == 0x0) || (SIZEOF (.vector_50) <= (_vector_spacing << 0x5))), function at exception vector 50 too large)

.vector_51      0x9fc01860        0x8
 *(.vector_51)
 .vector_51     0x9fc01860        0x8 c:/program files (x86)/microchip/xc32/v1.44/bin/bin/../../lib/gcc/pic32mx/4.8.3/../../../../pic32mx/lib/no-float\libpic32.a(vector51.o)
                0x9fc01860                __vector_dispatch_51
                0x00000001                ASSERT (((_vector_spacing == 0x0) || (SIZEOF (.vector_51) <= (_vector_spacing << 0x5))), function at exception vector 51 too large)

.vector_52      0x9fc01880        0x0
 *(.vector_52)
                0x00000001                ASSERT (((_vector_spacing == 0x0) || (SIZEOF (.vector_52) <= (_vector_spacing << 0x5))), function at exception vector 52 too large)

.vector_53      0x9fc018a0        0x0
 *(.vector_53)
                0x00000001                ASSERT (((_vector_spacing == 0x0) || (SIZEOF (.vector_53) <= (_vector_spacing << 0x5))), function at exception vector 53 too large)

.vector_54      0x9fc018c0        0x0
 *(.vector_54)
                0x00000001                ASSERT (((_vector_spacing == 0x0) || (SIZEOF (.vector_54) <= (_vector_spacing << 0x5))), function at exception vector 54 too large)

.vector_55      0x9fc018e0        0x0
 *(.vector_55)
                0x00000001                ASSERT (((_vector_spacing == 0x0) || (SIZEOF (.vector_55) <= (_vector_spacing << 0x5))), function at exception vector 55 too large)

.vector_56      0x9fc01900        0x0
 *(.vector_56)
                0x00000001                ASSERT (((_vector_spacing == 0x0) || (SIZEOF (.vector_56) <= (_vector_spacing << 0x5))), function at exception vector 56 too large)

.vector_57      0x9fc01920        0x0
 *(.vector_57)
                0x00000001                ASSERT (((_vector_spacing == 0x0) || (SIZEOF (.vector_57) <= (_vector_spacing << 0x5))), function at exception vector 57 too large)

.vector_58      0x9fc01940        0x0
 *(.vector_58)
                0x00000001                ASSERT (((_vector_spacing == 0x0) || (SIZEOF (.vector_58) <= (_vector_spacing << 0x5))), function at exception vector 58 too large)

.vector_59      0x9fc01960        0x0
 *(.vector_59)
                0x00000001                ASSERT (((_vector_spacing == 0x0) || (SIZEOF (.vector_59) <= (_vector_spacing << 0x5))), function at exception vector 59 too large)

.vector_60      0x9fc01980        0x0
 *(.vector_60)
                0x00000001                ASSERT (((_vector_spacing == 0x0) || (SIZEOF (.vector_60) <= (_vector_spacing << 0x5))), function at exception vector 60 too large)

.vector_61      0x9fc019a0        0x0
 *(.vector_61)
                0x00000001                ASSERT (((_vector_spacing == 0x0) || (SIZEOF (.vector_61) <= (_vector_spacing << 0x5))), function at exception vector 61 too large)

.vector_62      0x9fc019c0        0x0
 *(.vector_62)
                0x00000001                ASSERT (((_vector_spacing == 0x0) || (SIZEOF (.vector_62) <= (_vector_spacing << 0x5))), function at exception vector 62 too large)

.vector_63      0x9fc019e0        0x0
 *(.vector_63)
                0x00000001                ASSERT (((_vector_spacing == 0x0) || (SIZEOF (.vector_63) <= (_vector_spacing << 0x5))), function at exception vector 63 too large)

.startup
 *(.startup)

.text           0x9d000000        0x0
 *(.stub .gnu.linkonce.t.*)
 *(.text.*personality*)
 *(.mips16.fn.*)
 *(.mips16.call.*)
 *(.gnu.warning)
                0x9d000000                . = ALIGN (0x4)

.init           0x9d000000        0x0
 *crti.o(.init)
 *crtbegin.o(.init)
 *(EXCLUDE_FILE(*crtn.o *crtend?.o *crtend.o) .init)
 *crtend.o(.init)
 *crtn.o(.init)
                0x9d000000                . = ALIGN (0x4)

.fini           0x9d000000        0x0
 *(.fini)
                0x9d000000                . = ALIGN (0x4)

.preinit_array  0x9d000000        0x0
                0x9d000000                PROVIDE (__preinit_array_start, .)
 *(.preinit_array)
                0x9d000000                PROVIDE (__preinit_array_end, .)
                0x9d000000                . = ALIGN (0x4)

.init_array     0x9d000000        0x0
                0x9d000000                PROVIDE (__init_array_start, .)
 *(SORT(.init_array.*))
 *(.init_array)
                0x9d000000                PROVIDE (__init_array_end, .)
                0x9d000000                . = ALIGN (0x4)

.fini_array     0x9d000000        0x0
                0x9d000000                PROVIDE (__fini_array_start, .)
 *(SORT(.fini_array.*))
 *(.fini_array)
                0x9d000000                PROVIDE (__fini_array_end, .)
                0x9d000000                . = ALIGN (0x4)

.ctors          0x9d000000        0x0
 *crtbegin.o(.ctors)
 *crtbegin?.o(.ctors)
 *(EXCLUDE_FILE(*crtend?.o *crtend.o) .ctors)
 *(SORT(.ctors.*))
 *(.ctors)
                0x9d000000                . = ALIGN (0x4)

.dtors          0x9d000000        0x0
 *crtbegin.o(.dtors)
 *crtbegin?.o(.dtors)
 *(EXCLUDE_FILE(*crtend?.o *crtend.o) .dtors)
 *(SORT(.dtors.*))
 *(.dtors)
                0x9d000000                . = ALIGN (0x4)

.rodata         0x9d000000        0x0
 *(.gnu.linkonce.r.*)
 *(.rodata1)
                0x9d000000                . = ALIGN (0x4)

.sdata2         0x9fc00490        0x0
 *(.sdata2 .sdata2.* .gnu.linkonce.s2.*)
                0x9fc00490                . = ALIGN (0x4)

.sbss2          0x9fc00490        0x0
 *(.sbss2 .sbss2.* .gnu.linkonce.sb2.*)
                0x9fc00490                . = ALIGN (0x4)

.eh_frame_hdr
 *(.eh_frame_hdr)
                0x9fc00490                . = ALIGN (0x4)

.eh_frame
 *(.eh_frame)
                0x9fc00490                . = ALIGN (0x4)

.gcc_except_table
 *(.gcc_except_table .gcc_except_table.*)
                0x9fc00490                . = ALIGN (0x4)

.dbg_data       0xa0000200        0x0
                0xa0000200                . = (. + DEFINED (_DEBUGGER)?0x200:0x0)

.jcr            0xa0000200        0x0
 *(.jcr)
                0xa0000200                . = ALIGN (0x4)

.eh_frame
 *(.eh_frame)
                0xa0000200                . = ALIGN (0x4)

.gcc_except_table
 *(.gcc_except_table .gcc_except_table.*)
                0xa0000200                . = ALIGN (0x4)

.persist        0xa0000200        0x0
                0xa0000200                _persist_begin = .
 *(.persist .persist.*)
 *(.pbss .pbss.*)
                0xa0000200                . = ALIGN (0x4)
                0xa0000200                _persist_end = .

.data           0xa0000200        0x0
 *(.gnu.linkonce.d.*)
 *(.data1)
                0xa0000200                . = ALIGN (0x4)
                0xa0000200                . = .
                0xa00081f0                _gp = (ALIGN (0x10) + 0x7ff0)

.got            0xa0000200        0x0
 *(.got.plt)
 *(.got)
                0xa0000200                . = ALIGN (0x4)

.sdata          0xa0000200       0x18
                0xa0000200                _sdata_begin = .
 *(.sdata .sdata.* .gnu.linkonce.s.*)
 .sdata         0xa0000200        0x8 build/udp_pic32mx_eth_sk/debug/_ext/615392287/datastream_udp.o
 .sdata         0xa0000208        0x8 build/udp_pic32mx_eth_sk/debug/_ext/1164207549/arp.o
 .sdata         0xa0000210        0x4 build/udp_pic32mx_eth_sk/debug/_ext/1164207549/tcpip_manager.o
 .sdata         0xa0000214        0x4 c:/program files (x86)/microchip/xc32/v1.44/bin/bin/../../lib/gcc/pic32mx/4.8.3/../../../../pic32mx/lib/no-float\libpic32.a(xc32_uart.o)
                0xa0000214                __XC_UART
                0xa0000218                . = ALIGN (0x4)
                0xa0000218                _sdata_end = .

.lit8
 *(.lit8)

.lit4
 *(.lit4)
                0xa0000218                . = ALIGN (0x4)
                0xa0000218                _data_end = .
                0xa0000218                _bss_begin = .

.sbss           0xa0000218       0xdc
                0xa0000218                _sbss_begin = .
 *(.dynsbss)
 *(.sbss .sbss.* .gnu.linkonce.sb.*)
 .sbss          0xa0000218        0xc build/udp_pic32mx_eth_sk/debug/_ext/1400544162/system_exceptions.o
 .sbss          0xa0000224        0x2 build/udp_pic32mx_eth_sk/debug/_ext/1360937237/Mc32gestSPI_FT800.o
                0xa0000224                cmd_offset
 .sbss          0xa0000226        0x1 build/udp_pic32mx_eth_sk/debug/_ext/615392287/datastream.o
 *fill*         0xa0000227        0x1 
 .sbss          0xa0000228        0x4 build/udp_pic32mx_eth_sk/debug/_ext/1697634946/drv_ethmac.o
 .sbss          0xa000022c        0x4 build/udp_pic32mx_eth_sk/debug/_ext/941160041/drv_tmr.o
 .sbss          0xa0000230        0xc build/udp_pic32mx_eth_sk/debug/_ext/1164207549/icmp.o
 .sbss          0xa000023c       0x1c build/udp_pic32mx_eth_sk/debug/_ext/1164207549/udp.o
 .sbss          0xa0000258       0x24 build/udp_pic32mx_eth_sk/debug/_ext/1164207549/tcpip_manager.o
 .sbss          0xa000027c        0x8 build/udp_pic32mx_eth_sk/debug/_ext/1164207549/tcpip_packet.o
 .sbss          0xa0000284       0x18 build/udp_pic32mx_eth_sk/debug/_ext/1164207549/ipv4.o
 *(.scommon)
 .scommon       0xa000029c       0x30 build/udp_pic32mx_eth_sk/debug/_ext/1957930073/sys_clk_static.o
                0xa000029c                tcpip_address_2
                0xa00002a0                _bufferHandle
                0xa00002a4                _rxCurSize
                0xa00002a8                _txCurPos
                0xa00002ac                _context
                0xa00002b0                _txMaxSize
                0xa00002b4                _txBuffer
                0xa00002b8                handler
                0xa00002bc                tcpip_gateway_2
                0xa00002c0                currDir
                0xa00002c4                _rxMaxSize
                0xa00002c8                _rxBuffer
 .scommon       0xa00002cc        0x0 build/udp_pic32mx_eth_sk/debug/_ext/1400544162/system_init.o
 .scommon       0xa00002cc        0x0 build/udp_pic32mx_eth_sk/debug/_ext/1400544162/system_interrupt.o
 .scommon       0xa00002cc        0x0 build/udp_pic32mx_eth_sk/debug/_ext/1400544162/system_exceptions.o
 .scommon       0xa00002cc        0x0 build/udp_pic32mx_eth_sk/debug/_ext/1400544162/system_tasks.o
 .scommon       0xa00002cc       0x10 build/udp_pic32mx_eth_sk/debug/_ext/1360937237/app.o
                0xa00002cc                _dummy
                0xa00002d0                Start_Bootloader
                0xa00002d4                Cpt_Presse_BTN
                0xa00002d8                Time_Bootloader
 .scommon       0xa00002dc        0x0 build/udp_pic32mx_eth_sk/debug/_ext/1360937237/Mc32gestSPI_FT800.o
 .scommon       0xa00002dc        0x0 build/udp_pic32mx_eth_sk/debug/_ext/1360937237/gest_Route.o
 .scommon       0xa00002dc        0x4 build/udp_pic32mx_eth_sk/debug/_ext/615392287/datastream.o
                0xa00002dc                datastreamModule
 .scommon       0xa00002e0        0xa build/udp_pic32mx_eth_sk/debug/_ext/615392287/datastream_udp.o
                0xa00002e0                udpsocket
                0xa00002e2                connected
                0xa00002e4                _Port_Buffer
 .scommon       0xa00002ea        0x0 build/udp_pic32mx_eth_sk/debug/_ext/686445382/bootloader.o
 .scommon       0xa00002ea        0x0 build/udp_pic32mx_eth_sk/debug/_ext/1697634946/drv_ethmac.o
 .scommon       0xa00002ea        0x0 build/udp_pic32mx_eth_sk/debug/_ext/1697634946/drv_ethmac_lib.o
 .scommon       0xa00002ea        0x0 build/udp_pic32mx_eth_sk/debug/_ext/521481140/drv_ethphy.o
 .scommon       0xa00002ea        0x0 build/udp_pic32mx_eth_sk/debug/_ext/941160041/drv_tmr.o
 *fill*         0xa00002ea        0x2 
 .scommon       0xa00002ec        0x8 build/udp_pic32mx_eth_sk/debug/_ext/482662494/sys_devcon.o
                0xa00002ec                sysDevconObj
 .scommon       0xa00002f4        0x0 build/udp_pic32mx_eth_sk/debug/_ext/1164207549/icmp.o
 .scommon       0xa00002f4        0x0 build/udp_pic32mx_eth_sk/debug/_ext/1164207549/udp.o
 .scommon       0xa00002f4        0x0 build/udp_pic32mx_eth_sk/debug/_ext/1164207549/tcpip_heap_alloc.o
 .scommon       0xa00002f4        0x0 build/udp_pic32mx_eth_sk/debug/_ext/1164207549/tcpip_heap_internal.o
 .scommon       0xa00002f4        0x0 build/udp_pic32mx_eth_sk/debug/_ext/1164207549/arp.o
 .scommon       0xa00002f4        0x0 build/udp_pic32mx_eth_sk/debug/_ext/1164207549/dhcp.o
 .scommon       0xa00002f4        0x0 build/udp_pic32mx_eth_sk/debug/_ext/1164207549/tcpip_helpers.o
 .scommon       0xa00002f4        0x0 build/udp_pic32mx_eth_sk/debug/_ext/1164207549/tcpip_manager.o
 .scommon       0xa00002f4        0x0 build/udp_pic32mx_eth_sk/debug/_ext/1164207549/tcpip_notify.o
 .scommon       0xa00002f4        0x0 build/udp_pic32mx_eth_sk/debug/_ext/1164207549/tcpip_packet.o
 .scommon       0xa00002f4        0x0 build/udp_pic32mx_eth_sk/debug/_ext/1164207549/ipv4.o
                0xa00002f4                _sbss_end = .
                0xa00002f4                . = ALIGN (0x4)

.bss            0xa00002f4      0x12c
 *(.dynbss)
 *(COMMON)
 COMMON         0xa00002f4       0x10 build/udp_pic32mx_eth_sk/debug/_ext/1400544162/system_init.o
                0xa00002f4                sysObj
 COMMON         0xa0000304       0x7a build/udp_pic32mx_eth_sk/debug/_ext/1360937237/app.o
                0xa0000304                Save_Mask_IP
                0xa0000318                Save_Adresse_IP
                0xa0000338                Save_Gateway_IP
                0xa000034c                Save_DNS_IP
                0xa0000360                AdresseIP
 *fill*         0xa000037e        0x2 
 COMMON         0xa0000380        0xf build/udp_pic32mx_eth_sk/debug/_ext/615392287/datastream_udp.o
                0xa0000380                _Message_Buffer
 *fill*         0xa000038f        0x1 
 COMMON         0xa0000390       0x60 build/udp_pic32mx_eth_sk/debug/_ext/521481140/drv_ethphy.o
                0xa0000390                gDrvETHPHYClientObj
                0xa00003c8                gDrvETHPHYObj
 COMMON         0xa00003f0       0x30 build/udp_pic32mx_eth_sk/debug/_ext/1164207549/ipv4.o
                0xa00003f0                routeconfig
                0xa0000420                . = ALIGN ((. != 0x0)?0x4:0x1)
                0xa0000420                . = ALIGN (0x4)
                0xa0000420                _end = .
                0xa0000420                _bss_end = .
                0x00020000                _bmxdudba_address = 0x20000
                0x00020000                _bmxdupba_address = 0x20000

/DISCARD/
 *(.pdr)
 *(.rel.dyn)
 *(.note.GNU-stack)
 *(.note.GNU-stack)
 *(.gnu_debuglink)
 *(.gnu.lto_*)
 *(.discard)
 *(._debug_exception)

.gptab.sdata
 *(.gptab.data)
 *(.gptab.sdata)

.gptab.sbss
 *(.gptab.bss)
 *(.gptab.sbss)

.mdebug.abi32   0xa0000420        0x0
 *(.mdebug.abi32)
 .mdebug.abi32  0xa0000420        0x0 c:/program files (x86)/microchip/xc32/v1.44/bin/bin/../../lib/gcc/pic32mx/4.8.3/../../../../pic32mx/lib/no-float\software-debug-break.o
 .mdebug.abi32  0xa0000420        0x0 build/udp_pic32mx_eth_sk/debug/_ext/1957930073/sys_clk_static.o
 .mdebug.abi32  0xa0000420        0x0 build/udp_pic32mx_eth_sk/debug/_ext/1117457719/sys_ports_static.o
 .mdebug.abi32  0xa0000420        0x0 build/udp_pic32mx_eth_sk/debug/_ext/1400544162/system_init.o
 .mdebug.abi32  0xa0000420        0x0 build/udp_pic32mx_eth_sk/debug/_ext/1400544162/system_interrupt.o
 .mdebug.abi32  0xa0000420        0x0 build/udp_pic32mx_eth_sk/debug/_ext/1400544162/system_exceptions.o
 .mdebug.abi32  0xa0000420        0x0 build/udp_pic32mx_eth_sk/debug/_ext/1400544162/system_tasks.o
 .mdebug.abi32  0xa0000420        0x0 build/udp_pic32mx_eth_sk/debug/_ext/1360937237/main.o
 .mdebug.abi32  0xa0000420        0x0 build/udp_pic32mx_eth_sk/debug/_ext/1360937237/app.o
 .mdebug.abi32  0xa0000420        0x0 build/udp_pic32mx_eth_sk/debug/_ext/1360937237/Mc32Delays.o
 .mdebug.abi32  0xa0000420        0x0 build/udp_pic32mx_eth_sk/debug/_ext/1360937237/Mc32SpiUtil.o
 .mdebug.abi32  0xa0000420        0x0 build/udp_pic32mx_eth_sk/debug/_ext/1360937237/Mc32gestSPI_FT800.o
 .mdebug.abi32  0xa0000420        0x0 build/udp_pic32mx_eth_sk/debug/_ext/1360937237/EEPROM_24LC256.o
 .mdebug.abi32  0xa0000420        0x0 build/udp_pic32mx_eth_sk/debug/_ext/1360937237/Mc32_I2cNew.o
 .mdebug.abi32  0xa0000420        0x0 build/udp_pic32mx_eth_sk/debug/_ext/1360937237/gest_Route.o
 .mdebug.abi32  0xa0000420        0x0 build/udp_pic32mx_eth_sk/debug/_ext/615392287/datastream.o
 .mdebug.abi32  0xa0000420        0x0 build/udp_pic32mx_eth_sk/debug/_ext/615392287/datastream_udp.o
 .mdebug.abi32  0xa0000420        0x0 build/udp_pic32mx_eth_sk/debug/_ext/686445382/bootloader.o
 .mdebug.abi32  0xa0000420        0x0 build/udp_pic32mx_eth_sk/debug/_ext/686445382/nvm.o
 .mdebug.abi32  0xa0000420        0x0 build/udp_pic32mx_eth_sk/debug/_ext/1697634946/drv_ethmac.o
 .mdebug.abi32  0xa0000420        0x0 build/udp_pic32mx_eth_sk/debug/_ext/1697634946/drv_ethmac_lib.o
 .mdebug.abi32  0xa0000420        0x0 build/udp_pic32mx_eth_sk/debug/_ext/521481140/drv_ethphy.o
 .mdebug.abi32  0xa0000420        0x0 build/udp_pic32mx_eth_sk/debug/_ext/521481140/drv_extphy_dp83848.o
 .mdebug.abi32  0xa0000420        0x0 build/udp_pic32mx_eth_sk/debug/_ext/941160041/drv_tmr.o
 .mdebug.abi32  0xa0000420        0x0 build/udp_pic32mx_eth_sk/debug/_ext/482662494/sys_devcon.o
 .mdebug.abi32  0xa0000420        0x0 build/udp_pic32mx_eth_sk/debug/_ext/482662494/sys_devcon_pic32mx.o
 .mdebug.abi32  0xa0000420        0x0 build/udp_pic32mx_eth_sk/debug/_ext/1042686532/sys_int_pic32.o
 .mdebug.abi32  0xa0000420        0x0 build/udp_pic32mx_eth_sk/debug/_ext/470001640/sys_random.o
 .mdebug.abi32  0xa0000420        0x0 build/udp_pic32mx_eth_sk/debug/_ext/64182180/sys_reset.o
 .mdebug.abi32  0xa0000420        0x0 build/udp_pic32mx_eth_sk/debug/_ext/2110151058/sys_tmr.o
 .mdebug.abi32  0xa0000420        0x0 build/udp_pic32mx_eth_sk/debug/_ext/1886247299/helpers.o
 .mdebug.abi32  0xa0000420        0x0 build/udp_pic32mx_eth_sk/debug/_ext/1164207549/icmp.o
 .mdebug.abi32  0xa0000420        0x0 build/udp_pic32mx_eth_sk/debug/_ext/1164207549/udp.o
 .mdebug.abi32  0xa0000420        0x0 build/udp_pic32mx_eth_sk/debug/_ext/1164207549/tcpip_heap_alloc.o
 .mdebug.abi32  0xa0000420        0x0 build/udp_pic32mx_eth_sk/debug/_ext/1164207549/tcpip_heap_internal.o
 .mdebug.abi32  0xa0000420        0x0 build/udp_pic32mx_eth_sk/debug/_ext/1164207549/arp.o
 .mdebug.abi32  0xa0000420        0x0 build/udp_pic32mx_eth_sk/debug/_ext/1164207549/dhcp.o
 .mdebug.abi32  0xa0000420        0x0 build/udp_pic32mx_eth_sk/debug/_ext/1164207549/hash_fnv.o
 .mdebug.abi32  0xa0000420        0x0 build/udp_pic32mx_eth_sk/debug/_ext/1164207549/oahash.o
 .mdebug.abi32  0xa0000420        0x0 build/udp_pic32mx_eth_sk/debug/_ext/1164207549/tcpip_helpers.o
 .mdebug.abi32  0xa0000420        0x0 build/udp_pic32mx_eth_sk/debug/_ext/1164207549/tcpip_manager.o
 .mdebug.abi32  0xa0000420        0x0 build/udp_pic32mx_eth_sk/debug/_ext/1164207549/tcpip_notify.o
 .mdebug.abi32  0xa0000420        0x0 build/udp_pic32mx_eth_sk/debug/_ext/1164207549/tcpip_packet.o
 .mdebug.abi32  0xa0000420        0x0 build/udp_pic32mx_eth_sk/debug/_ext/1164207549/ipv4.o
 .mdebug.abi32  0xa0000420        0x0 ..\..\..\..\..\bin\framework\peripheral\PIC32MX795F512L_peripherals.a(peripheral.o)
 .mdebug.abi32  0xa0000420        0x0 ..\..\..\..\..\bin\framework\peripheral\PIC32MX795F512L_peripherals.a(plib_eth_lib.o)
 .mdebug.abi32  0xa0000420        0x0 c:/program files (x86)/microchip/xc32/v1.44/bin/bin/../../lib/gcc/pic32mx/4.8.3/no-float\libgcc.a(_udivdi3.o)
 .mdebug.abi32  0xa0000420        0x0 c:/program files (x86)/microchip/xc32/v1.44/bin/bin/../../lib/gcc/pic32mx/4.8.3/../../../../pic32mx/lib/no-float\libpic32.a(default-bootstrap-exception-handler.o)
 .mdebug.abi32  0xa0000420        0x0 c:/program files (x86)/microchip/xc32/v1.44/bin/bin/../../lib/gcc/pic32mx/4.8.3/../../../../pic32mx/lib/no-float\libpic32.a(default-on-reset.o)
 .mdebug.abi32  0xa0000420        0x0 c:/program files (x86)/microchip/xc32/v1.44/bin/bin/../../lib/gcc/pic32mx/4.8.3/../../../../pic32mx/lib/no-float\libpic32.a(default-on-bootstrap.o)
 .mdebug.abi32  0xa0000420        0x0 c:/program files (x86)/microchip/xc32/v1.44/bin/bin/../../lib/gcc/pic32mx/4.8.3/../../../../pic32mx/lib/no-float\libpic32.a(defaultinterrupt.o)
 .mdebug.abi32  0xa0000420        0x0 c:/program files (x86)/microchip/xc32/v1.44/bin/bin/../../lib/gcc/pic32mx/4.8.3/../../../../pic32mx/lib/no-float\libc.a(atoi.o)
 .mdebug.abi32  0xa0000420        0x0 c:/program files (x86)/microchip/xc32/v1.44/bin/bin/../../lib/gcc/pic32mx/4.8.3/../../../../pic32mx/lib/no-float\libc.a(calloc.o)
 .mdebug.abi32  0xa0000420        0x0 c:/program files (x86)/microchip/xc32/v1.44/bin/bin/../../lib/gcc/pic32mx/4.8.3/../../../../pic32mx/lib/no-float\libc.a(ctype.o)
 .mdebug.abi32  0xa0000420        0x0 c:/program files (x86)/microchip/xc32/v1.44/bin/bin/../../lib/gcc/pic32mx/4.8.3/../../../../pic32mx/lib/no-float\libc.a(malloc.o)
 .mdebug.abi32  0xa0000420        0x0 c:/program files (x86)/microchip/xc32/v1.44/bin/bin/../../lib/gcc/pic32mx/4.8.3/../../../../pic32mx/lib/no-float\libc.a(rand.o)
 .mdebug.abi32  0xa0000420        0x0 c:/program files (x86)/microchip/xc32/v1.44/bin/bin/../../lib/gcc/pic32mx/4.8.3/../../../../pic32mx/lib/no-float\libc.a(strncpy.o)
 .mdebug.abi32  0xa0000420        0x0 c:/program files (x86)/microchip/xc32/v1.44/bin/bin/../../lib/gcc/pic32mx/4.8.3/../../../../pic32mx/lib/no-float\libc.a(strtol.o)
 .mdebug.abi32  0xa0000420        0x0 c:/program files (x86)/microchip/xc32/v1.44/bin/bin/../../lib/gcc/pic32mx/4.8.3/../../../../pic32mx/lib/no-float\libc.a(sprintf_cdnopsuxX.eo)
 .mdebug.abi32  0xa0000420        0x0 c:/program files (x86)/microchip/xc32/v1.44/bin/bin/../../lib/gcc/pic32mx/4.8.3/../../../../pic32mx/lib/no-float\libc.a(ctypef.o)
 .mdebug.abi32  0xa0000420        0x0 c:/program files (x86)/microchip/xc32/v1.44/bin/bin/../../lib/gcc/pic32mx/4.8.3/../../../../pic32mx/lib/no-float\libc.a(errno.o)
 .mdebug.abi32  0xa0000420        0x0 c:/program files (x86)/microchip/xc32/v1.44/bin/bin/../../lib/gcc/pic32mx/4.8.3/../../../../pic32mx/lib/no-float\libc.a(doprnt_cdnopsuxX.eo)
 .mdebug.abi32  0xa0000420        0x0 c:/program files (x86)/microchip/xc32/v1.44/bin/bin/../../lib/gcc/pic32mx/4.8.3/../../../../pic32mx/lib/no-float\libc.a(_fputc_simple.o)
 .mdebug.abi32  0xa0000420        0x0 c:/program files (x86)/microchip/xc32/v1.44/bin/bin/../../lib/gcc/pic32mx/4.8.3/../../../../pic32mx/lib/no-float\libc.a(_iob.o)
 .mdebug.abi32  0xa0000420        0x0 c:/program files (x86)/microchip/xc32/v1.44/bin/bin/../../lib/gcc/pic32mx/4.8.3/../../../../pic32mx/lib/no-float\libc.a(_flsbuf_simple.o)
 .mdebug.abi32  0xa0000420        0x0 c:/program files (x86)/microchip/xc32/v1.44/bin/bin/../../lib/gcc/pic32mx/4.8.3/no-float\libgcc.a(_umoddi3.o)
 .mdebug.abi32  0xa0000420        0x0 c:/program files (x86)/microchip/xc32/v1.44/bin/bin/../../lib/gcc/pic32mx/4.8.3/../../../../pic32mx/lib/no-float\libpic32.a(sbrk.o)
 .mdebug.abi32  0xa0000420        0x0 c:/program files (x86)/microchip/xc32/v1.44/bin/bin/../../lib/gcc/pic32mx/4.8.3/../../../../pic32mx/lib/no-float\libpic32.a(write.o)
 .mdebug.abi32  0xa0000420        0x0 c:/program files (x86)/microchip/xc32/v1.44/bin/bin/../../lib/gcc/pic32mx/4.8.3/../../../../pic32mx/lib/no-float\libpic32.a(_mon_putc.o)
 .mdebug.abi32  0xa0000420        0x0 c:/program files (x86)/microchip/xc32/v1.44/bin/bin/../../lib/gcc/pic32mx/4.8.3/../../../../pic32mx/lib/no-float\libpic32.a(xc32_uart.o)

.mdebug.abiN32
 *(.mdebug.abiN32)

.mdebug.abi64
 *(.mdebug.abi64)

.mdebug.abiO64
 *(.mdebug.abiO64)

.mdebug.eabi32
 *(.mdebug.eabi32)

.mdebug.eabi64
 *(.mdebug.eabi64)

.gcc_compiled_long32
 *(.gcc_compiled_long32)

.gcc_compiled_long64
 *(.gcc_compiled_long64)

.stab
 *(.stab)

.stabstr
 *(.stabstr)

.stab.excl
 *(.stab.excl)

.stab.exclstr
 *(.stab.exclstr)

.stab.index
 *(.stab.index)

.stab.indexstr
 *(.stab.indexstr)

.comment        0x00000000      0x1c2
 *(.comment)
 .comment       0x00000000       0x3c c:/program files (x86)/microchip/xc32/v1.44/bin/bin/../../lib/gcc/pic32mx/4.8.3/../../../../pic32mx/lib/no-float\software-debug-break.o
                                 0x3d (size before relaxing)
 .comment       0x00000000       0x3d build/udp_pic32mx_eth_sk/debug/_ext/1957930073/sys_clk_static.o
 .comment       0x00000000       0x3d build/udp_pic32mx_eth_sk/debug/_ext/1117457719/sys_ports_static.o
 .comment       0x00000000       0x3d build/udp_pic32mx_eth_sk/debug/_ext/1400544162/system_init.o
 .comment       0x00000000       0x3d build/udp_pic32mx_eth_sk/debug/_ext/1400544162/system_interrupt.o
 .comment       0x00000000       0x3d build/udp_pic32mx_eth_sk/debug/_ext/1400544162/system_exceptions.o
 .comment       0x00000000       0x3d build/udp_pic32mx_eth_sk/debug/_ext/1400544162/system_tasks.o
 .comment       0x00000000       0x3d build/udp_pic32mx_eth_sk/debug/_ext/1360937237/main.o
 .comment       0x00000000       0x3d build/udp_pic32mx_eth_sk/debug/_ext/1360937237/app.o
 .comment       0x00000000       0x3d build/udp_pic32mx_eth_sk/debug/_ext/1360937237/Mc32Delays.o
 .comment       0x00000000       0x3d build/udp_pic32mx_eth_sk/debug/_ext/1360937237/Mc32SpiUtil.o
 .comment       0x00000000       0x3d build/udp_pic32mx_eth_sk/debug/_ext/1360937237/Mc32gestSPI_FT800.o
 .comment       0x00000000       0x3d build/udp_pic32mx_eth_sk/debug/_ext/1360937237/EEPROM_24LC256.o
 .comment       0x00000000       0x3d build/udp_pic32mx_eth_sk/debug/_ext/1360937237/Mc32_I2cNew.o
 .comment       0x00000000       0x3d build/udp_pic32mx_eth_sk/debug/_ext/1360937237/gest_Route.o
 .comment       0x00000000       0x3d build/udp_pic32mx_eth_sk/debug/_ext/615392287/datastream.o
 .comment       0x00000000       0x3d build/udp_pic32mx_eth_sk/debug/_ext/615392287/datastream_udp.o
 .comment       0x00000000       0x3d build/udp_pic32mx_eth_sk/debug/_ext/686445382/bootloader.o
 .comment       0x00000000       0x3d build/udp_pic32mx_eth_sk/debug/_ext/686445382/nvm.o
 .comment       0x00000000       0x3d build/udp_pic32mx_eth_sk/debug/_ext/1697634946/drv_ethmac.o
 .comment       0x00000000       0x3d build/udp_pic32mx_eth_sk/debug/_ext/1697634946/drv_ethmac_lib.o
 .comment       0x00000000       0x3d build/udp_pic32mx_eth_sk/debug/_ext/521481140/drv_ethphy.o
 .comment       0x00000000       0x3d build/udp_pic32mx_eth_sk/debug/_ext/521481140/drv_extphy_dp83848.o
 .comment       0x00000000       0x3d build/udp_pic32mx_eth_sk/debug/_ext/941160041/drv_tmr.o
 .comment       0x00000000       0x3d build/udp_pic32mx_eth_sk/debug/_ext/482662494/sys_devcon.o
 .comment       0x00000000       0x3d build/udp_pic32mx_eth_sk/debug/_ext/482662494/sys_devcon_pic32mx.o
 .comment       0x00000000       0x3d build/udp_pic32mx_eth_sk/debug/_ext/1042686532/sys_int_pic32.o
 .comment       0x00000000       0x3d build/udp_pic32mx_eth_sk/debug/_ext/470001640/sys_random.o
 .comment       0x00000000       0x3d build/udp_pic32mx_eth_sk/debug/_ext/64182180/sys_reset.o
 .comment       0x00000000       0x3d build/udp_pic32mx_eth_sk/debug/_ext/2110151058/sys_tmr.o
 .comment       0x00000000       0x3d build/udp_pic32mx_eth_sk/debug/_ext/1886247299/helpers.o
 .comment       0x00000000       0x3d build/udp_pic32mx_eth_sk/debug/_ext/1164207549/icmp.o
 .comment       0x00000000       0x3d build/udp_pic32mx_eth_sk/debug/_ext/1164207549/udp.o
 .comment       0x00000000       0x3d build/udp_pic32mx_eth_sk/debug/_ext/1164207549/tcpip_heap_alloc.o
 .comment       0x00000000       0x3d build/udp_pic32mx_eth_sk/debug/_ext/1164207549/tcpip_heap_internal.o
 .comment       0x00000000       0x3d build/udp_pic32mx_eth_sk/debug/_ext/1164207549/arp.o
 .comment       0x00000000       0x3d build/udp_pic32mx_eth_sk/debug/_ext/1164207549/dhcp.o
 .comment       0x00000000       0x3d build/udp_pic32mx_eth_sk/debug/_ext/1164207549/hash_fnv.o
 .comment       0x00000000       0x3d build/udp_pic32mx_eth_sk/debug/_ext/1164207549/oahash.o
 .comment       0x00000000       0x3d build/udp_pic32mx_eth_sk/debug/_ext/1164207549/tcpip_helpers.o
 .comment       0x00000000       0x3d build/udp_pic32mx_eth_sk/debug/_ext/1164207549/tcpip_manager.o
 .comment       0x00000000       0x3d build/udp_pic32mx_eth_sk/debug/_ext/1164207549/tcpip_notify.o
 .comment       0x00000000       0x3d build/udp_pic32mx_eth_sk/debug/_ext/1164207549/tcpip_packet.o
 .comment       0x00000000       0x3d build/udp_pic32mx_eth_sk/debug/_ext/1164207549/ipv4.o
 .comment       0x0000003c       0x3c ..\..\..\..\..\bin\framework\peripheral\PIC32MX795F512L_peripherals.a(peripheral.o)
                                 0x3d (size before relaxing)
 .comment       0x00000000       0x3d ..\..\..\..\..\bin\framework\peripheral\PIC32MX795F512L_peripherals.a(plib_eth_lib.o)
 .comment       0x00000000       0x3d c:/program files (x86)/microchip/xc32/v1.44/bin/bin/../../lib/gcc/pic32mx/4.8.3/no-float\libgcc.a(_udivdi3.o)
 .comment       0x00000078       0x18 c:/program files (x86)/microchip/xc32/v1.44/bin/bin/../../lib/gcc/pic32mx/4.8.3/../../../../pic32mx/lib/no-float\libpic32.a(memcmp.o)
                                 0x19 (size before relaxing)
 .comment       0x00000090       0x18 c:/program files (x86)/microchip/xc32/v1.44/bin/bin/../../lib/gcc/pic32mx/4.8.3/../../../../pic32mx/lib/no-float\libpic32.a(memset.o)
                                 0x19 (size before relaxing)
 .comment       0x000000a8       0x19 c:/program files (x86)/microchip/xc32/v1.44/bin/bin/../../lib/gcc/pic32mx/4.8.3/../../../../pic32mx/lib/no-float\libpic32.a(strcmp.o)
                                 0x1a (size before relaxing)
 .comment       0x000000c1       0x19 c:/program files (x86)/microchip/xc32/v1.44/bin/bin/../../lib/gcc/pic32mx/4.8.3/../../../../pic32mx/lib/no-float\libpic32.a(strlen.o)
                                 0x1a (size before relaxing)
 .comment       0x00000000       0x3d c:/program files (x86)/microchip/xc32/v1.44/bin/bin/../../lib/gcc/pic32mx/4.8.3/../../../../pic32mx/lib/no-float\libpic32.a(default-bootstrap-exception-handler.o)
 .comment       0x00000000       0x3d c:/program files (x86)/microchip/xc32/v1.44/bin/bin/../../lib/gcc/pic32mx/4.8.3/../../../../pic32mx/lib/no-float\libpic32.a(default-on-reset.o)
 .comment       0x00000000       0x3d c:/program files (x86)/microchip/xc32/v1.44/bin/bin/../../lib/gcc/pic32mx/4.8.3/../../../../pic32mx/lib/no-float\libpic32.a(default-on-bootstrap.o)
 .comment       0x00000000       0x3d c:/program files (x86)/microchip/xc32/v1.44/bin/bin/../../lib/gcc/pic32mx/4.8.3/../../../../pic32mx/lib/no-float\libpic32.a(defaultinterrupt.o)
 .comment       0x00000000       0x3d c:/program files (x86)/microchip/xc32/v1.44/bin/bin/../../lib/gcc/pic32mx/4.8.3/../../../../pic32mx/lib/no-float\libc.a(atoi.o)
 .comment       0x00000000       0x3d c:/program files (x86)/microchip/xc32/v1.44/bin/bin/../../lib/gcc/pic32mx/4.8.3/../../../../pic32mx/lib/no-float\libc.a(calloc.o)
 .comment       0x000000da       0x4e c:/program files (x86)/microchip/xc32/v1.44/bin/bin/../../lib/gcc/pic32mx/4.8.3/../../../../pic32mx/lib/no-float\libc.a(ctype.o)
                                 0x8b (size before relaxing)
 .comment       0x00000000       0x3d c:/program files (x86)/microchip/xc32/v1.44/bin/bin/../../lib/gcc/pic32mx/4.8.3/../../../../pic32mx/lib/no-float\libc.a(malloc.o)
 .comment       0x00000000       0x3d c:/program files (x86)/microchip/xc32/v1.44/bin/bin/../../lib/gcc/pic32mx/4.8.3/../../../../pic32mx/lib/no-float\libc.a(rand.o)
 .comment       0x00000000       0x3d c:/program files (x86)/microchip/xc32/v1.44/bin/bin/../../lib/gcc/pic32mx/4.8.3/../../../../pic32mx/lib/no-float\libc.a(strncpy.o)
 .comment       0x00000000       0x3d c:/program files (x86)/microchip/xc32/v1.44/bin/bin/../../lib/gcc/pic32mx/4.8.3/../../../../pic32mx/lib/no-float\libc.a(strtol.o)
 .comment       0x00000000       0x3d c:/program files (x86)/microchip/xc32/v1.44/bin/bin/../../lib/gcc/pic32mx/4.8.3/../../../../pic32mx/lib/no-float\libc.a(sprintf_cdnopsuxX.eo)
 .comment       0x00000128       0x4f c:/program files (x86)/microchip/xc32/v1.44/bin/bin/../../lib/gcc/pic32mx/4.8.3/../../../../pic32mx/lib/no-float\libc.a(ctypef.o)
                                 0x8c (size before relaxing)
 .comment       0x00000000       0x3d c:/program files (x86)/microchip/xc32/v1.44/bin/bin/../../lib/gcc/pic32mx/4.8.3/../../../../pic32mx/lib/no-float\libc.a(errno.o)
 .comment       0x00000000       0x3d c:/program files (x86)/microchip/xc32/v1.44/bin/bin/../../lib/gcc/pic32mx/4.8.3/../../../../pic32mx/lib/no-float\libc.a(doprnt_cdnopsuxX.eo)
 .comment       0x00000000       0x3d c:/program files (x86)/microchip/xc32/v1.44/bin/bin/../../lib/gcc/pic32mx/4.8.3/../../../../pic32mx/lib/no-float\libc.a(_fputc_simple.o)
 .comment       0x00000000       0x3d c:/program files (x86)/microchip/xc32/v1.44/bin/bin/../../lib/gcc/pic32mx/4.8.3/../../../../pic32mx/lib/no-float\libc.a(_iob.o)
 .comment       0x00000000       0x3d c:/program files (x86)/microchip/xc32/v1.44/bin/bin/../../lib/gcc/pic32mx/4.8.3/../../../../pic32mx/lib/no-float\libc.a(_flsbuf_simple.o)
 .comment       0x00000000       0x3d c:/program files (x86)/microchip/xc32/v1.44/bin/bin/../../lib/gcc/pic32mx/4.8.3/no-float\libgcc.a(_umoddi3.o)
 .comment       0x00000177       0x4b c:/program files (x86)/microchip/xc32/v1.44/bin/bin/../../lib/gcc/pic32mx/4.8.3/../../../../pic32mx/lib/no-float\libpic32.a(sbrk.o)
                                 0x88 (size before relaxing)
 .comment       0x00000000       0x3d c:/program files (x86)/microchip/xc32/v1.44/bin/bin/../../lib/gcc/pic32mx/4.8.3/../../../../pic32mx/lib/no-float\libpic32.a(write.o)
 .comment       0x00000000       0x3d c:/program files (x86)/microchip/xc32/v1.44/bin/bin/../../lib/gcc/pic32mx/4.8.3/../../../../pic32mx/lib/no-float\libpic32.a(_mon_putc.o)
 .comment       0x00000000       0x3d c:/program files (x86)/microchip/xc32/v1.44/bin/bin/../../lib/gcc/pic32mx/4.8.3/../../../../pic32mx/lib/no-float\libpic32.a(xc32_uart.o)

.debug
 *(.debug)

.line
 *(.line)

.debug_srcinfo
 *(.debug_srcinfo)

.debug_sfnames
 *(.debug_sfnames)

.debug_aranges  0x00000000     0x1c98
 *(.debug_aranges)
 .debug_aranges
                0x00000000       0x20 c:/program files (x86)/microchip/xc32/v1.44/bin/bin/../../lib/gcc/pic32mx/4.8.3/../../../../pic32mx/lib/no-float\software-debug-break.o
 .debug_aranges
                0x00000020       0x50 build/udp_pic32mx_eth_sk/debug/_ext/1957930073/sys_clk_static.o
 .debug_aranges
                0x00000070      0x108 build/udp_pic32mx_eth_sk/debug/_ext/1117457719/sys_ports_static.o
 .debug_aranges
                0x00000178       0x28 build/udp_pic32mx_eth_sk/debug/_ext/1400544162/system_init.o
 .debug_aranges
                0x000001a0       0x30 build/udp_pic32mx_eth_sk/debug/_ext/1400544162/system_interrupt.o
 .debug_aranges
                0x000001d0       0x20 build/udp_pic32mx_eth_sk/debug/_ext/1400544162/system_exceptions.o
 .debug_aranges
                0x000001f0       0x20 build/udp_pic32mx_eth_sk/debug/_ext/1400544162/system_tasks.o
 .debug_aranges
                0x00000210       0x20 build/udp_pic32mx_eth_sk/debug/_ext/1360937237/main.o
 .debug_aranges
                0x00000230       0x38 build/udp_pic32mx_eth_sk/debug/_ext/1360937237/app.o
 .debug_aranges
                0x00000268       0x30 build/udp_pic32mx_eth_sk/debug/_ext/1360937237/Mc32Delays.o
 .debug_aranges
                0x00000298       0x28 build/udp_pic32mx_eth_sk/debug/_ext/1360937237/Mc32SpiUtil.o
 .debug_aranges
                0x000002c0       0x78 build/udp_pic32mx_eth_sk/debug/_ext/1360937237/Mc32gestSPI_FT800.o
 .debug_aranges
                0x00000338       0x30 build/udp_pic32mx_eth_sk/debug/_ext/1360937237/EEPROM_24LC256.o
 .debug_aranges
                0x00000368       0x48 build/udp_pic32mx_eth_sk/debug/_ext/1360937237/Mc32_I2cNew.o
 .debug_aranges
                0x000003b0       0x20 build/udp_pic32mx_eth_sk/debug/_ext/1360937237/gest_Route.o
 .debug_aranges
                0x000003d0       0x58 build/udp_pic32mx_eth_sk/debug/_ext/615392287/datastream.o
 .debug_aranges
                0x00000428       0x38 build/udp_pic32mx_eth_sk/debug/_ext/615392287/datastream_udp.o
 .debug_aranges
                0x00000460       0x60 build/udp_pic32mx_eth_sk/debug/_ext/686445382/bootloader.o
 .debug_aranges
                0x000004c0       0x58 build/udp_pic32mx_eth_sk/debug/_ext/686445382/nvm.o
 .debug_aranges
                0x00000518      0x180 build/udp_pic32mx_eth_sk/debug/_ext/1697634946/drv_ethmac.o
 .debug_aranges
                0x00000698       0xf0 build/udp_pic32mx_eth_sk/debug/_ext/1697634946/drv_ethmac_lib.o
 .debug_aranges
                0x00000788      0x280 build/udp_pic32mx_eth_sk/debug/_ext/521481140/drv_ethphy.o
 .debug_aranges
                0x00000a08       0x30 build/udp_pic32mx_eth_sk/debug/_ext/521481140/drv_extphy_dp83848.o
 .debug_aranges
                0x00000a38      0x178 build/udp_pic32mx_eth_sk/debug/_ext/941160041/drv_tmr.o
 .debug_aranges
                0x00000bb0       0x78 build/udp_pic32mx_eth_sk/debug/_ext/482662494/sys_devcon.o
 .debug_aranges
                0x00000c28       0x20 build/udp_pic32mx_eth_sk/debug/_ext/482662494/sys_devcon_pic32mx.o
 .debug_aranges
                0x00000c48       0x48 build/udp_pic32mx_eth_sk/debug/_ext/1042686532/sys_int_pic32.o
 .debug_aranges
                0x00000c90       0x38 build/udp_pic32mx_eth_sk/debug/_ext/470001640/sys_random.o
 .debug_aranges
                0x00000cc8       0x38 build/udp_pic32mx_eth_sk/debug/_ext/64182180/sys_reset.o
 .debug_aranges
                0x00000d00       0xd0 build/udp_pic32mx_eth_sk/debug/_ext/2110151058/sys_tmr.o
 .debug_aranges
                0x00000dd0       0x58 build/udp_pic32mx_eth_sk/debug/_ext/1886247299/helpers.o
 .debug_aranges
                0x00000e28       0x40 build/udp_pic32mx_eth_sk/debug/_ext/1164207549/icmp.o
 .debug_aranges
                0x00000e68      0x1b0 build/udp_pic32mx_eth_sk/debug/_ext/1164207549/udp.o
 .debug_aranges
                0x00001018       0x48 build/udp_pic32mx_eth_sk/debug/_ext/1164207549/tcpip_heap_alloc.o
 .debug_aranges
                0x00001060       0x60 build/udp_pic32mx_eth_sk/debug/_ext/1164207549/tcpip_heap_internal.o
 .debug_aranges
                0x000010c0      0x110 build/udp_pic32mx_eth_sk/debug/_ext/1164207549/arp.o
 .debug_aranges
                0x000011d0       0x50 build/udp_pic32mx_eth_sk/debug/_ext/1164207549/dhcp.o
 .debug_aranges
                0x00001220       0x28 build/udp_pic32mx_eth_sk/debug/_ext/1164207549/hash_fnv.o
 .debug_aranges
                0x00001248       0x50 build/udp_pic32mx_eth_sk/debug/_ext/1164207549/oahash.o
 .debug_aranges
                0x00001298      0x200 build/udp_pic32mx_eth_sk/debug/_ext/1164207549/tcpip_helpers.o
 .debug_aranges
                0x00001498       0x20 build/udp_pic32mx_eth_sk/debug/_ext/1164207549/tcpip_helper_c32.o
 .debug_aranges
                0x000014b8      0x370 build/udp_pic32mx_eth_sk/debug/_ext/1164207549/tcpip_manager.o
 .debug_aranges
                0x00001828       0x40 build/udp_pic32mx_eth_sk/debug/_ext/1164207549/tcpip_notify.o
 .debug_aranges
                0x00001868       0x78 build/udp_pic32mx_eth_sk/debug/_ext/1164207549/tcpip_packet.o
 .debug_aranges
                0x000018e0       0x78 build/udp_pic32mx_eth_sk/debug/_ext/1164207549/ipv4.o
 .debug_aranges
                0x00001958       0x20 c:/program files (x86)/microchip/xc32/v1.44/bin/bin/../../lib/gcc/pic32mx/4.8.3/no-float\libgcc.a(_udivdi3.o)
 .debug_aranges
                0x00001978       0x20 c:/program files (x86)/microchip/xc32/v1.44/bin/bin/../../lib/gcc/pic32mx/4.8.3/../../../../pic32mx/lib/no-float\libpic32.a(default-bootstrap-exception-handler.o)
 .debug_aranges
                0x00001998       0x20 c:/program files (x86)/microchip/xc32/v1.44/bin/bin/../../lib/gcc/pic32mx/4.8.3/../../../../pic32mx/lib/no-float\libpic32.a(default-on-reset.o)
 .debug_aranges
                0x000019b8       0x20 c:/program files (x86)/microchip/xc32/v1.44/bin/bin/../../lib/gcc/pic32mx/4.8.3/../../../../pic32mx/lib/no-float\libpic32.a(default-on-bootstrap.o)
 .debug_aranges
                0x000019d8       0x20 c:/program files (x86)/microchip/xc32/v1.44/bin/bin/../../lib/gcc/pic32mx/4.8.3/../../../../pic32mx/lib/no-float\libpic32.a(defaultinterrupt.o)
 .debug_aranges
                0x000019f8       0x20 c:/program files (x86)/microchip/xc32/v1.44/bin/bin/../../lib/gcc/pic32mx/4.8.3/../../../../pic32mx/lib/no-float\libc.a(atoi.o)
 .debug_aranges
                0x00001a18       0x20 c:/program files (x86)/microchip/xc32/v1.44/bin/bin/../../lib/gcc/pic32mx/4.8.3/../../../../pic32mx/lib/no-float\libc.a(calloc.o)
 .debug_aranges
                0x00001a38       0x30 c:/program files (x86)/microchip/xc32/v1.44/bin/bin/../../lib/gcc/pic32mx/4.8.3/../../../../pic32mx/lib/no-float\libc.a(malloc.o)
 .debug_aranges
                0x00001a68       0x28 c:/program files (x86)/microchip/xc32/v1.44/bin/bin/../../lib/gcc/pic32mx/4.8.3/../../../../pic32mx/lib/no-float\libc.a(rand.o)
 .debug_aranges
                0x00001a90       0x20 c:/program files (x86)/microchip/xc32/v1.44/bin/bin/../../lib/gcc/pic32mx/4.8.3/../../../../pic32mx/lib/no-float\libc.a(strncpy.o)
 .debug_aranges
                0x00001ab0       0x28 c:/program files (x86)/microchip/xc32/v1.44/bin/bin/../../lib/gcc/pic32mx/4.8.3/../../../../pic32mx/lib/no-float\libc.a(strtol.o)
 .debug_aranges
                0x00001ad8       0x20 c:/program files (x86)/microchip/xc32/v1.44/bin/bin/../../lib/gcc/pic32mx/4.8.3/../../../../pic32mx/lib/no-float\libc.a(sprintf_cdnopsuxX.eo)
 .debug_aranges
                0x00001af8       0xa0 c:/program files (x86)/microchip/xc32/v1.44/bin/bin/../../lib/gcc/pic32mx/4.8.3/../../../../pic32mx/lib/no-float\libc.a(ctypef.o)
 .debug_aranges
                0x00001b98       0x20 c:/program files (x86)/microchip/xc32/v1.44/bin/bin/../../lib/gcc/pic32mx/4.8.3/../../../../pic32mx/lib/no-float\libc.a(doprnt_cdnopsuxX.eo)
 .debug_aranges
                0x00001bb8       0x20 c:/program files (x86)/microchip/xc32/v1.44/bin/bin/../../lib/gcc/pic32mx/4.8.3/../../../../pic32mx/lib/no-float\libc.a(_fputc_simple.o)
 .debug_aranges
                0x00001bd8       0x20 c:/program files (x86)/microchip/xc32/v1.44/bin/bin/../../lib/gcc/pic32mx/4.8.3/../../../../pic32mx/lib/no-float\libc.a(_flsbuf_simple.o)
 .debug_aranges
                0x00001bf8       0x20 c:/program files (x86)/microchip/xc32/v1.44/bin/bin/../../lib/gcc/pic32mx/4.8.3/no-float\libgcc.a(_umoddi3.o)
 .debug_aranges
                0x00001c18       0x40 c:/program files (x86)/microchip/xc32/v1.44/bin/bin/../../lib/gcc/pic32mx/4.8.3/../../../../pic32mx/lib/no-float\libpic32.a(sbrk.o)
 .debug_aranges
                0x00001c58       0x20 c:/program files (x86)/microchip/xc32/v1.44/bin/bin/../../lib/gcc/pic32mx/4.8.3/../../../../pic32mx/lib/no-float\libpic32.a(write.o)
 .debug_aranges
                0x00001c78       0x20 c:/program files (x86)/microchip/xc32/v1.44/bin/bin/../../lib/gcc/pic32mx/4.8.3/../../../../pic32mx/lib/no-float\libpic32.a(_mon_putc.o)

.debug_pubnames
 *(.debug_pubnames)

.debug_info     0x00000000    0x7658d
 *(.debug_info .gnu.linkonce.wi.*)
 .debug_info    0x00000000       0xe4 c:/program files (x86)/microchip/xc32/v1.44/bin/bin/../../lib/gcc/pic32mx/4.8.3/../../../../pic32mx/lib/no-float\software-debug-break.o
 .debug_info    0x000000e4     0x18fa build/udp_pic32mx_eth_sk/debug/_ext/1957930073/sys_clk_static.o
 .debug_info    0x000019de     0x3be1 build/udp_pic32mx_eth_sk/debug/_ext/1117457719/sys_ports_static.o
 .debug_info    0x000055bf     0x658a build/udp_pic32mx_eth_sk/debug/_ext/1400544162/system_init.o
 .debug_info    0x0000bb49     0x1870 build/udp_pic32mx_eth_sk/debug/_ext/1400544162/system_interrupt.o
 .debug_info    0x0000d3b9      0xc80 build/udp_pic32mx_eth_sk/debug/_ext/1400544162/system_exceptions.o
 .debug_info    0x0000e039      0xd40 build/udp_pic32mx_eth_sk/debug/_ext/1400544162/system_tasks.o
 .debug_info    0x0000ed79      0x1b4 build/udp_pic32mx_eth_sk/debug/_ext/1360937237/main.o
 .debug_info    0x0000ef2d     0x2537 build/udp_pic32mx_eth_sk/debug/_ext/1360937237/app.o
 .debug_info    0x00011464      0x181 build/udp_pic32mx_eth_sk/debug/_ext/1360937237/Mc32Delays.o
 .debug_info    0x000115e5      0x536 build/udp_pic32mx_eth_sk/debug/_ext/1360937237/Mc32SpiUtil.o
 .debug_info    0x00011b1b     0x2218 build/udp_pic32mx_eth_sk/debug/_ext/1360937237/Mc32gestSPI_FT800.o
 .debug_info    0x00013d33      0x663 build/udp_pic32mx_eth_sk/debug/_ext/1360937237/EEPROM_24LC256.o
 .debug_info    0x00014396     0x178f build/udp_pic32mx_eth_sk/debug/_ext/1360937237/Mc32_I2cNew.o
 .debug_info    0x00015b25      0x625 build/udp_pic32mx_eth_sk/debug/_ext/1360937237/gest_Route.o
 .debug_info    0x0001614a      0xf94 build/udp_pic32mx_eth_sk/debug/_ext/615392287/datastream.o
 .debug_info    0x000170de     0x2587 build/udp_pic32mx_eth_sk/debug/_ext/615392287/datastream_udp.o
 .debug_info    0x00019665     0x15da build/udp_pic32mx_eth_sk/debug/_ext/686445382/bootloader.o
 .debug_info    0x0001ac3f     0x1547 build/udp_pic32mx_eth_sk/debug/_ext/686445382/nvm.o
 .debug_info    0x0001c186     0x99af build/udp_pic32mx_eth_sk/debug/_ext/1697634946/drv_ethmac.o
 .debug_info    0x00025b35     0x8c42 build/udp_pic32mx_eth_sk/debug/_ext/1697634946/drv_ethmac_lib.o
 .debug_info    0x0002e777     0x75ac build/udp_pic32mx_eth_sk/debug/_ext/521481140/drv_ethphy.o
 .debug_info    0x00035d23     0x1cd0 build/udp_pic32mx_eth_sk/debug/_ext/521481140/drv_extphy_dp83848.o
 .debug_info    0x000379f3     0x66f0 build/udp_pic32mx_eth_sk/debug/_ext/941160041/drv_tmr.o
 .debug_info    0x0003e0e3     0x1168 build/udp_pic32mx_eth_sk/debug/_ext/482662494/sys_devcon.o
 .debug_info    0x0003f24b      0xd4c build/udp_pic32mx_eth_sk/debug/_ext/482662494/sys_devcon_pic32mx.o
 .debug_info    0x0003ff97     0x15bb build/udp_pic32mx_eth_sk/debug/_ext/1042686532/sys_int_pic32.o
 .debug_info    0x00041552      0x5bf build/udp_pic32mx_eth_sk/debug/_ext/470001640/sys_random.o
 .debug_info    0x00041b11      0xa7b build/udp_pic32mx_eth_sk/debug/_ext/64182180/sys_reset.o
 .debug_info    0x0004258c     0x2311 build/udp_pic32mx_eth_sk/debug/_ext/2110151058/sys_tmr.o
 .debug_info    0x0004489d      0x5b6 build/udp_pic32mx_eth_sk/debug/_ext/1886247299/helpers.o
 .debug_info    0x00044e53     0x3b22 build/udp_pic32mx_eth_sk/debug/_ext/1164207549/icmp.o
 .debug_info    0x00048975     0x7f1d build/udp_pic32mx_eth_sk/debug/_ext/1164207549/udp.o
 .debug_info    0x00050892     0x156b build/udp_pic32mx_eth_sk/debug/_ext/1164207549/tcpip_heap_alloc.o
 .debug_info    0x00051dfd     0x2265 build/udp_pic32mx_eth_sk/debug/_ext/1164207549/tcpip_heap_internal.o
 .debug_info    0x00054062     0x6945 build/udp_pic32mx_eth_sk/debug/_ext/1164207549/arp.o
 .debug_info    0x0005a9a7     0x1036 build/udp_pic32mx_eth_sk/debug/_ext/1164207549/dhcp.o
 .debug_info    0x0005b9dd      0x27f build/udp_pic32mx_eth_sk/debug/_ext/1164207549/hash_fnv.o
 .debug_info    0x0005bc5c      0x8a1 build/udp_pic32mx_eth_sk/debug/_ext/1164207549/oahash.o
 .debug_info    0x0005c4fd     0x51ae build/udp_pic32mx_eth_sk/debug/_ext/1164207549/tcpip_helpers.o
 .debug_info    0x000616ab       0xac build/udp_pic32mx_eth_sk/debug/_ext/1164207549/tcpip_helper_c32.o
 .debug_info    0x00061757     0xa913 build/udp_pic32mx_eth_sk/debug/_ext/1164207549/tcpip_manager.o
 .debug_info    0x0006c06a     0x14b7 build/udp_pic32mx_eth_sk/debug/_ext/1164207549/tcpip_notify.o
 .debug_info    0x0006d521     0x1ee0 build/udp_pic32mx_eth_sk/debug/_ext/1164207549/tcpip_packet.o
 .debug_info    0x0006f401     0x51b7 build/udp_pic32mx_eth_sk/debug/_ext/1164207549/ipv4.o
 .debug_info    0x000745b8      0x778 c:/program files (x86)/microchip/xc32/v1.44/bin/bin/../../lib/gcc/pic32mx/4.8.3/no-float\libgcc.a(_udivdi3.o)
 .debug_info    0x00074d30       0xf5 c:/program files (x86)/microchip/xc32/v1.44/bin/bin/../../lib/gcc/pic32mx/4.8.3/../../../../pic32mx/lib/no-float\libpic32.a(default-bootstrap-exception-handler.o)
 .debug_info    0x00074e25       0xce c:/program files (x86)/microchip/xc32/v1.44/bin/bin/../../lib/gcc/pic32mx/4.8.3/../../../../pic32mx/lib/no-float\libpic32.a(default-on-reset.o)
 .debug_info    0x00074ef3       0xd6 c:/program files (x86)/microchip/xc32/v1.44/bin/bin/../../lib/gcc/pic32mx/4.8.3/../../../../pic32mx/lib/no-float\libpic32.a(default-on-bootstrap.o)
 .debug_info    0x00074fc9       0xe8 c:/program files (x86)/microchip/xc32/v1.44/bin/bin/../../lib/gcc/pic32mx/4.8.3/../../../../pic32mx/lib/no-float\libpic32.a(defaultinterrupt.o)
 .debug_info    0x000750b1       0xc2 c:/program files (x86)/microchip/xc32/v1.44/bin/bin/../../lib/gcc/pic32mx/4.8.3/../../../../pic32mx/lib/no-float\libc.a(atoi.o)
 .debug_info    0x00075173       0xc6 c:/program files (x86)/microchip/xc32/v1.44/bin/bin/../../lib/gcc/pic32mx/4.8.3/../../../../pic32mx/lib/no-float\libc.a(calloc.o)
 .debug_info    0x00075239       0xf7 c:/program files (x86)/microchip/xc32/v1.44/bin/bin/../../lib/gcc/pic32mx/4.8.3/../../../../pic32mx/lib/no-float\libc.a(malloc.o)
 .debug_info    0x00075330       0xdd c:/program files (x86)/microchip/xc32/v1.44/bin/bin/../../lib/gcc/pic32mx/4.8.3/../../../../pic32mx/lib/no-float\libc.a(rand.o)
 .debug_info    0x0007540d       0xc8 c:/program files (x86)/microchip/xc32/v1.44/bin/bin/../../lib/gcc/pic32mx/4.8.3/../../../../pic32mx/lib/no-float\libc.a(strncpy.o)
 .debug_info    0x000754d5       0xdd c:/program files (x86)/microchip/xc32/v1.44/bin/bin/../../lib/gcc/pic32mx/4.8.3/../../../../pic32mx/lib/no-float\libc.a(strtol.o)
 .debug_info    0x000755b2       0xd3 c:/program files (x86)/microchip/xc32/v1.44/bin/bin/../../lib/gcc/pic32mx/4.8.3/../../../../pic32mx/lib/no-float\libc.a(sprintf_cdnopsuxX.eo)
 .debug_info    0x00075685      0x23a c:/program files (x86)/microchip/xc32/v1.44/bin/bin/../../lib/gcc/pic32mx/4.8.3/../../../../pic32mx/lib/no-float\libc.a(ctypef.o)
 .debug_info    0x000758bf       0xd4 c:/program files (x86)/microchip/xc32/v1.44/bin/bin/../../lib/gcc/pic32mx/4.8.3/../../../../pic32mx/lib/no-float\libc.a(doprnt_cdnopsuxX.eo)
 .debug_info    0x00075993       0xc4 c:/program files (x86)/microchip/xc32/v1.44/bin/bin/../../lib/gcc/pic32mx/4.8.3/../../../../pic32mx/lib/no-float\libc.a(_fputc_simple.o)
 .debug_info    0x00075a57       0xc7 c:/program files (x86)/microchip/xc32/v1.44/bin/bin/../../lib/gcc/pic32mx/4.8.3/../../../../pic32mx/lib/no-float\libc.a(_flsbuf_simple.o)
 .debug_info    0x00075b1e      0x7b5 c:/program files (x86)/microchip/xc32/v1.44/bin/bin/../../lib/gcc/pic32mx/4.8.3/no-float\libgcc.a(_umoddi3.o)
 .debug_info    0x000762d3      0x132 c:/program files (x86)/microchip/xc32/v1.44/bin/bin/../../lib/gcc/pic32mx/4.8.3/../../../../pic32mx/lib/no-float\libpic32.a(sbrk.o)
 .debug_info    0x00076405       0xc0 c:/program files (x86)/microchip/xc32/v1.44/bin/bin/../../lib/gcc/pic32mx/4.8.3/../../../../pic32mx/lib/no-float\libpic32.a(write.o)
 .debug_info    0x000764c5       0xc8 c:/program files (x86)/microchip/xc32/v1.44/bin/bin/../../lib/gcc/pic32mx/4.8.3/../../../../pic32mx/lib/no-float\libpic32.a(_mon_putc.o)

.debug_abbrev   0x00000000     0x83d6
 *(.debug_abbrev)
 .debug_abbrev  0x00000000       0x28 c:/program files (x86)/microchip/xc32/v1.44/bin/bin/../../lib/gcc/pic32mx/4.8.3/../../../../pic32mx/lib/no-float\software-debug-break.o
 .debug_abbrev  0x00000028      0x2c8 build/udp_pic32mx_eth_sk/debug/_ext/1957930073/sys_clk_static.o
 .debug_abbrev  0x000002f0      0x222 build/udp_pic32mx_eth_sk/debug/_ext/1117457719/sys_ports_static.o
 .debug_abbrev  0x00000512      0x396 build/udp_pic32mx_eth_sk/debug/_ext/1400544162/system_init.o
 .debug_abbrev  0x000008a8      0x209 build/udp_pic32mx_eth_sk/debug/_ext/1400544162/system_interrupt.o
 .debug_abbrev  0x00000ab1       0xfe build/udp_pic32mx_eth_sk/debug/_ext/1400544162/system_exceptions.o
 .debug_abbrev  0x00000baf      0x152 build/udp_pic32mx_eth_sk/debug/_ext/1400544162/system_tasks.o
 .debug_abbrev  0x00000d01       0x93 build/udp_pic32mx_eth_sk/debug/_ext/1360937237/main.o
 .debug_abbrev  0x00000d94      0x29b build/udp_pic32mx_eth_sk/debug/_ext/1360937237/app.o
 .debug_abbrev  0x0000102f       0xa6 build/udp_pic32mx_eth_sk/debug/_ext/1360937237/Mc32Delays.o
 .debug_abbrev  0x000010d5      0x116 build/udp_pic32mx_eth_sk/debug/_ext/1360937237/Mc32SpiUtil.o
 .debug_abbrev  0x000011eb      0x239 build/udp_pic32mx_eth_sk/debug/_ext/1360937237/Mc32gestSPI_FT800.o
 .debug_abbrev  0x00001424      0x107 build/udp_pic32mx_eth_sk/debug/_ext/1360937237/EEPROM_24LC256.o
 .debug_abbrev  0x0000152b      0x1dc build/udp_pic32mx_eth_sk/debug/_ext/1360937237/Mc32_I2cNew.o
 .debug_abbrev  0x00001707      0x10b build/udp_pic32mx_eth_sk/debug/_ext/1360937237/gest_Route.o
 .debug_abbrev  0x00001812      0x238 build/udp_pic32mx_eth_sk/debug/_ext/615392287/datastream.o
 .debug_abbrev  0x00001a4a      0x2fb build/udp_pic32mx_eth_sk/debug/_ext/615392287/datastream_udp.o
 .debug_abbrev  0x00001d45      0x330 build/udp_pic32mx_eth_sk/debug/_ext/686445382/bootloader.o
 .debug_abbrev  0x00002075      0x2cb build/udp_pic32mx_eth_sk/debug/_ext/686445382/nvm.o
 .debug_abbrev  0x00002340      0x5e4 build/udp_pic32mx_eth_sk/debug/_ext/1697634946/drv_ethmac.o
 .debug_abbrev  0x00002924      0x5e9 build/udp_pic32mx_eth_sk/debug/_ext/1697634946/drv_ethmac_lib.o
 .debug_abbrev  0x00002f0d      0x5a5 build/udp_pic32mx_eth_sk/debug/_ext/521481140/drv_ethphy.o
 .debug_abbrev  0x000034b2      0x215 build/udp_pic32mx_eth_sk/debug/_ext/521481140/drv_extphy_dp83848.o
 .debug_abbrev  0x000036c7      0x569 build/udp_pic32mx_eth_sk/debug/_ext/941160041/drv_tmr.o
 .debug_abbrev  0x00003c30      0x2a1 build/udp_pic32mx_eth_sk/debug/_ext/482662494/sys_devcon.o
 .debug_abbrev  0x00003ed1      0x16d build/udp_pic32mx_eth_sk/debug/_ext/482662494/sys_devcon_pic32mx.o
 .debug_abbrev  0x0000403e      0x1ea build/udp_pic32mx_eth_sk/debug/_ext/1042686532/sys_int_pic32.o
 .debug_abbrev  0x00004228      0x1f8 build/udp_pic32mx_eth_sk/debug/_ext/470001640/sys_random.o
 .debug_abbrev  0x00004420      0x18b build/udp_pic32mx_eth_sk/debug/_ext/64182180/sys_reset.o
 .debug_abbrev  0x000045ab      0x520 build/udp_pic32mx_eth_sk/debug/_ext/2110151058/sys_tmr.o
 .debug_abbrev  0x00004acb      0x193 build/udp_pic32mx_eth_sk/debug/_ext/1886247299/helpers.o
 .debug_abbrev  0x00004c5e      0x462 build/udp_pic32mx_eth_sk/debug/_ext/1164207549/icmp.o
 .debug_abbrev  0x000050c0      0x67c build/udp_pic32mx_eth_sk/debug/_ext/1164207549/udp.o
 .debug_abbrev  0x0000573c      0x1da build/udp_pic32mx_eth_sk/debug/_ext/1164207549/tcpip_heap_alloc.o
 .debug_abbrev  0x00005916      0x3a6 build/udp_pic32mx_eth_sk/debug/_ext/1164207549/tcpip_heap_internal.o
 .debug_abbrev  0x00005cbc      0x5a5 build/udp_pic32mx_eth_sk/debug/_ext/1164207549/arp.o
 .debug_abbrev  0x00006261      0x132 build/udp_pic32mx_eth_sk/debug/_ext/1164207549/dhcp.o
 .debug_abbrev  0x00006393       0xb5 build/udp_pic32mx_eth_sk/debug/_ext/1164207549/hash_fnv.o
 .debug_abbrev  0x00006448      0x277 build/udp_pic32mx_eth_sk/debug/_ext/1164207549/oahash.o
 .debug_abbrev  0x000066bf      0x4f2 build/udp_pic32mx_eth_sk/debug/_ext/1164207549/tcpip_helpers.o
 .debug_abbrev  0x00006bb1       0x14 build/udp_pic32mx_eth_sk/debug/_ext/1164207549/tcpip_helper_c32.o
 .debug_abbrev  0x00006bc5      0x6c4 build/udp_pic32mx_eth_sk/debug/_ext/1164207549/tcpip_manager.o
 .debug_abbrev  0x00007289      0x25d build/udp_pic32mx_eth_sk/debug/_ext/1164207549/tcpip_notify.o
 .debug_abbrev  0x000074e6      0x387 build/udp_pic32mx_eth_sk/debug/_ext/1164207549/tcpip_packet.o
 .debug_abbrev  0x0000786d      0x5b0 build/udp_pic32mx_eth_sk/debug/_ext/1164207549/ipv4.o
 .debug_abbrev  0x00007e1d      0x138 c:/program files (x86)/microchip/xc32/v1.44/bin/bin/../../lib/gcc/pic32mx/4.8.3/no-float\libgcc.a(_udivdi3.o)
 .debug_abbrev  0x00007f55       0x28 c:/program files (x86)/microchip/xc32/v1.44/bin/bin/../../lib/gcc/pic32mx/4.8.3/../../../../pic32mx/lib/no-float\libpic32.a(default-bootstrap-exception-handler.o)
 .debug_abbrev  0x00007f7d       0x28 c:/program files (x86)/microchip/xc32/v1.44/bin/bin/../../lib/gcc/pic32mx/4.8.3/../../../../pic32mx/lib/no-float\libpic32.a(default-on-reset.o)
 .debug_abbrev  0x00007fa5       0x28 c:/program files (x86)/microchip/xc32/v1.44/bin/bin/../../lib/gcc/pic32mx/4.8.3/../../../../pic32mx/lib/no-float\libpic32.a(default-on-bootstrap.o)
 .debug_abbrev  0x00007fcd       0x28 c:/program files (x86)/microchip/xc32/v1.44/bin/bin/../../lib/gcc/pic32mx/4.8.3/../../../../pic32mx/lib/no-float\libpic32.a(defaultinterrupt.o)
 .debug_abbrev  0x00007ff5       0x28 c:/program files (x86)/microchip/xc32/v1.44/bin/bin/../../lib/gcc/pic32mx/4.8.3/../../../../pic32mx/lib/no-float\libc.a(atoi.o)
 .debug_abbrev  0x0000801d       0x28 c:/program files (x86)/microchip/xc32/v1.44/bin/bin/../../lib/gcc/pic32mx/4.8.3/../../../../pic32mx/lib/no-float\libc.a(calloc.o)
 .debug_abbrev  0x00008045       0x47 c:/program files (x86)/microchip/xc32/v1.44/bin/bin/../../lib/gcc/pic32mx/4.8.3/../../../../pic32mx/lib/no-float\libc.a(malloc.o)
 .debug_abbrev  0x0000808c       0x47 c:/program files (x86)/microchip/xc32/v1.44/bin/bin/../../lib/gcc/pic32mx/4.8.3/../../../../pic32mx/lib/no-float\libc.a(rand.o)
 .debug_abbrev  0x000080d3       0x28 c:/program files (x86)/microchip/xc32/v1.44/bin/bin/../../lib/gcc/pic32mx/4.8.3/../../../../pic32mx/lib/no-float\libc.a(strncpy.o)
 .debug_abbrev  0x000080fb       0x28 c:/program files (x86)/microchip/xc32/v1.44/bin/bin/../../lib/gcc/pic32mx/4.8.3/../../../../pic32mx/lib/no-float\libc.a(strtol.o)
 .debug_abbrev  0x00008123       0x28 c:/program files (x86)/microchip/xc32/v1.44/bin/bin/../../lib/gcc/pic32mx/4.8.3/../../../../pic32mx/lib/no-float\libc.a(sprintf_cdnopsuxX.eo)
 .debug_abbrev  0x0000814b       0x28 c:/program files (x86)/microchip/xc32/v1.44/bin/bin/../../lib/gcc/pic32mx/4.8.3/../../../../pic32mx/lib/no-float\libc.a(ctypef.o)
 .debug_abbrev  0x00008173       0x28 c:/program files (x86)/microchip/xc32/v1.44/bin/bin/../../lib/gcc/pic32mx/4.8.3/../../../../pic32mx/lib/no-float\libc.a(doprnt_cdnopsuxX.eo)
 .debug_abbrev  0x0000819b       0x28 c:/program files (x86)/microchip/xc32/v1.44/bin/bin/../../lib/gcc/pic32mx/4.8.3/../../../../pic32mx/lib/no-float\libc.a(_fputc_simple.o)
 .debug_abbrev  0x000081c3       0x28 c:/program files (x86)/microchip/xc32/v1.44/bin/bin/../../lib/gcc/pic32mx/4.8.3/../../../../pic32mx/lib/no-float\libc.a(_flsbuf_simple.o)
 .debug_abbrev  0x000081eb      0x147 c:/program files (x86)/microchip/xc32/v1.44/bin/bin/../../lib/gcc/pic32mx/4.8.3/no-float\libgcc.a(_umoddi3.o)
 .debug_abbrev  0x00008332       0x54 c:/program files (x86)/microchip/xc32/v1.44/bin/bin/../../lib/gcc/pic32mx/4.8.3/../../../../pic32mx/lib/no-float\libpic32.a(sbrk.o)
 .debug_abbrev  0x00008386       0x28 c:/program files (x86)/microchip/xc32/v1.44/bin/bin/../../lib/gcc/pic32mx/4.8.3/../../../../pic32mx/lib/no-float\libpic32.a(write.o)
 .debug_abbrev  0x000083ae       0x28 c:/program files (x86)/microchip/xc32/v1.44/bin/bin/../../lib/gcc/pic32mx/4.8.3/../../../../pic32mx/lib/no-float\libpic32.a(_mon_putc.o)

.debug_line     0x00000000    0x10da4
 *(.debug_line)
 .debug_line    0x00000000       0x9a c:/program files (x86)/microchip/xc32/v1.44/bin/bin/../../lib/gcc/pic32mx/4.8.3/../../../../pic32mx/lib/no-float\software-debug-break.o
 .debug_line    0x0000009a      0x54e build/udp_pic32mx_eth_sk/debug/_ext/1957930073/sys_clk_static.o
 .debug_line    0x000005e8      0x7e3 build/udp_pic32mx_eth_sk/debug/_ext/1117457719/sys_ports_static.o
 .debug_line    0x00000dcb      0x8c6 build/udp_pic32mx_eth_sk/debug/_ext/1400544162/system_init.o
 .debug_line    0x00001691      0x497 build/udp_pic32mx_eth_sk/debug/_ext/1400544162/system_interrupt.o
 .debug_line    0x00001b28      0x244 build/udp_pic32mx_eth_sk/debug/_ext/1400544162/system_exceptions.o
 .debug_line    0x00001d6c      0x3a1 build/udp_pic32mx_eth_sk/debug/_ext/1400544162/system_tasks.o
 .debug_line    0x0000210d       0xd0 build/udp_pic32mx_eth_sk/debug/_ext/1360937237/main.o
 .debug_line    0x000021dd      0x321 build/udp_pic32mx_eth_sk/debug/_ext/1360937237/app.o
 .debug_line    0x000024fe       0xbc build/udp_pic32mx_eth_sk/debug/_ext/1360937237/Mc32Delays.o
 .debug_line    0x000025ba      0x1ae build/udp_pic32mx_eth_sk/debug/_ext/1360937237/Mc32SpiUtil.o
 .debug_line    0x00002768      0x507 build/udp_pic32mx_eth_sk/debug/_ext/1360937237/Mc32gestSPI_FT800.o
 .debug_line    0x00002c6f      0x135 build/udp_pic32mx_eth_sk/debug/_ext/1360937237/EEPROM_24LC256.o
 .debug_line    0x00002da4      0x561 build/udp_pic32mx_eth_sk/debug/_ext/1360937237/Mc32_I2cNew.o
 .debug_line    0x00003305      0x189 build/udp_pic32mx_eth_sk/debug/_ext/1360937237/gest_Route.o
 .debug_line    0x0000348e      0x2e8 build/udp_pic32mx_eth_sk/debug/_ext/615392287/datastream.o
 .debug_line    0x00003776      0x5e2 build/udp_pic32mx_eth_sk/debug/_ext/615392287/datastream_udp.o
 .debug_line    0x00003d58      0x560 build/udp_pic32mx_eth_sk/debug/_ext/686445382/bootloader.o
 .debug_line    0x000042b8      0x5f0 build/udp_pic32mx_eth_sk/debug/_ext/686445382/nvm.o
 .debug_line    0x000048a8      0xeef build/udp_pic32mx_eth_sk/debug/_ext/1697634946/drv_ethmac.o
 .debug_line    0x00005797      0xf12 build/udp_pic32mx_eth_sk/debug/_ext/1697634946/drv_ethmac_lib.o
 .debug_line    0x000066a9     0x11cb build/udp_pic32mx_eth_sk/debug/_ext/521481140/drv_ethphy.o
 .debug_line    0x00007874      0x302 build/udp_pic32mx_eth_sk/debug/_ext/521481140/drv_extphy_dp83848.o
 .debug_line    0x00007b76     0x11cd build/udp_pic32mx_eth_sk/debug/_ext/941160041/drv_tmr.o
 .debug_line    0x00008d43      0x63f build/udp_pic32mx_eth_sk/debug/_ext/482662494/sys_devcon.o
 .debug_line    0x00009382      0x4de build/udp_pic32mx_eth_sk/debug/_ext/482662494/sys_devcon_pic32mx.o
 .debug_line    0x00009860      0x3ce build/udp_pic32mx_eth_sk/debug/_ext/1042686532/sys_int_pic32.o
 .debug_line    0x00009c2e      0x25b build/udp_pic32mx_eth_sk/debug/_ext/470001640/sys_random.o
 .debug_line    0x00009e89      0x3f3 build/udp_pic32mx_eth_sk/debug/_ext/64182180/sys_reset.o
 .debug_line    0x0000a27c      0x65b build/udp_pic32mx_eth_sk/debug/_ext/2110151058/sys_tmr.o
 .debug_line    0x0000a8d7      0x208 build/udp_pic32mx_eth_sk/debug/_ext/1886247299/helpers.o
 .debug_line    0x0000aadf      0x3fe build/udp_pic32mx_eth_sk/debug/_ext/1164207549/icmp.o
 .debug_line    0x0000aedd      0xd3b build/udp_pic32mx_eth_sk/debug/_ext/1164207549/udp.o
 .debug_line    0x0000bc18      0x2dc build/udp_pic32mx_eth_sk/debug/_ext/1164207549/tcpip_heap_alloc.o
 .debug_line    0x0000bef4      0x4f5 build/udp_pic32mx_eth_sk/debug/_ext/1164207549/tcpip_heap_internal.o